Archive member included to satisfy reference by file (symbol)

../third_party/psyq/lib\libapi.a(c57.o)
                              main.o (InitHeap)
../third_party/psyq/lib\libc.a(c25.o)
                              memcard.o (strcpy)
../third_party/psyq/lib\libc.a(c42.o)
                              game.o (memcpy)
../third_party/psyq/lib\libc.a(c51.o)
                              cdrom.o (malloc)
../third_party/psyq/lib\libc.a(c52.o)
                              game.o (free)
../third_party/psyq/lib\libcd.a(cdr_1.o)
                              cdrom.o (CdReadSync)
../third_party/psyq/lib\libcd.a(event.o)
                              cdrom.o (CdInit)
../third_party/psyq/lib\libcd.a(iso9660.o)
                              cdrom.o (CdSearchFile)
../third_party/psyq/lib\libcd.a(s_002.o)
                              ../third_party/psyq/lib\libcd.a(iso9660.o) (CdIntToPos)
../third_party/psyq/lib\libcd.a(s_003.o)
                              ../third_party/psyq/lib\libcd.a(cdr_1.o) (CdStatus)
../third_party/psyq/lib\libcd.a(s_004.o)
                              ../third_party/psyq/lib\libcd.a(cdr_1.o) (CdMode)
../third_party/psyq/lib\libcd.a(s_006.o)
                              ../third_party/psyq/lib\libcd.a(cdr_1.o) (CdLastPos)
../third_party/psyq/lib\libcd.a(s_008.o)
                              ../third_party/psyq/lib\libcd.a(cdr_1.o) (CdFlush)
../third_party/psyq/lib\libcd.a(s_013.o)
                              ../third_party/psyq/lib\libcd.a(cdr_1.o) (CdReady)
../third_party/psyq/lib\libcd.a(s_014.o)
                              ../third_party/psyq/lib\libcd.a(cdr_1.o) (CdSyncCallback)
../third_party/psyq/lib\libcd.a(s_015.o)
                              ../third_party/psyq/lib\libcd.a(cdr_1.o) (CdReadyCallback)
../third_party/psyq/lib\libcd.a(s_016.o)
                              cdrom.o (CdControl)
../third_party/psyq/lib\libcd.a(s_021.o)
                              ../third_party/psyq/lib\libcd.a(cdr_1.o) (CdGetSector)
../third_party/psyq/lib\libcd.a(s_022.o)
                              ../third_party/psyq/lib\libcd.a(cdr_1.o) (CdGetSector2)
../third_party/psyq/lib\libcd.a(s_023.o)
                              ../third_party/psyq/lib\libcd.a(cdr_1.o) (CdDataCallback)
../third_party/psyq/lib\libcd.a(s_024.o)
                              ../third_party/psyq/lib\libcd.a(cdr_1.o) (CdDataSync)
../third_party/psyq/lib\libcd.a(sys.o)
                              ../third_party/psyq/lib\libcd.a(cdr_1.o) (CdPosToInt)
../third_party/psyq/lib\libcd.a(bios_1.o)
                              ../third_party/psyq/lib\libcd.a(event.o) (CD_cbready)
../third_party/psyq/lib\libcd.a(bios_2.o)
                              ../third_party/psyq/lib\libcd.a(s_021.o) (CD_getsector)
../third_party/psyq/lib\libcd.a(bios_3.o)
                              ../third_party/psyq/lib\libcd.a(s_022.o) (CD_getsector2)
../third_party/psyq/lib\libetc.a(intr.o)
                              ../third_party/psyq/lib\libcd.a(s_023.o) (DMACallback)
../third_party/psyq/lib\libetc.a(intr_dma.o)
                              ../third_party/psyq/lib\libetc.a(intr.o) (startIntrDMA)
../third_party/psyq/lib\libetc.a(intr_vb.o)
                              ../third_party/psyq/lib\libetc.a(intr.o) (startIntrVSync)
../third_party/psyq/lib\libetc.a(vmode.o)
                              graph.o (SetVideoMode)
../third_party/psyq/lib\libetc.a(vsync.o)
                              graph.o (VSync)
../third_party/psyq/lib\libgpu.a(e03.o)
                              graph.o (SetDefDrawEnv)
../third_party/psyq/lib\libgpu.a(e04.o)
                              graph.o (SetDefDispEnv)
../third_party/psyq/lib\libgpu.a(font.o)
                              graph.o (FntOpen)
../third_party/psyq/lib\libgpu.a(p06.o)
                              ../third_party/psyq/lib\libgpu.a(font.o) (AddPrim)
../third_party/psyq/lib\libgpu.a(p09.o)
                              ../third_party/psyq/lib\libgpu.a(font.o) (TermPrim)
../third_party/psyq/lib\libgpu.a(p10.o)
                              ../third_party/psyq/lib\libgpu.a(font.o) (SetSemiTrans)
../third_party/psyq/lib\libgpu.a(p20.o)
                              ../third_party/psyq/lib\libgpu.a(font.o) (SetSprt8)
../third_party/psyq/lib\libgpu.a(p26.o)
                              ../third_party/psyq/lib\libgpu.a(font.o) (SetTile)
../third_party/psyq/lib\libgpu.a(p41.o)
                              ../third_party/psyq/lib\libgpu.a(font.o) (SetDrawMode)
../third_party/psyq/lib\libgpu.a(sys.o)
                              graph.o (LoadImage)
../third_party/psyq/lib\libgpu.a(t00.o)
                              graph.o (ReadTIM)
../third_party/psyq/lib\libgpu.a(e00.o)
                              ../third_party/psyq/lib\libgpu.a(font.o) (LoadTPage)
../third_party/psyq/lib\libgpu.a(e02.o)
                              ../third_party/psyq/lib\libgpu.a(font.o) (LoadClut2)
../third_party/psyq/lib\libgpu.a(p00.o)
                              ../third_party/psyq/lib\libgpu.a(e00.o) (GetTPage)
../third_party/psyq/lib\libgpu.a(p01.o)
                              ../third_party/psyq/lib\libgpu.a(e02.o) (GetClut)
../third_party/psyq/lib\libmcrd.a(init.o)
                              memcard.o (MemCardInit)
../third_party/psyq/lib\libmcrd.a(libmcrd.o)
                              memcard.o (MemCardClose)
../third_party/psyq/lib\libmcrd.a(low.o)
                              ../third_party/psyq/lib\libmcrd.a(libmcrd.o) (_card_create2)
../third_party/psyq/lib\libmcrd.a(userfunc.o)
                              ../third_party/psyq/lib\libmcrd.a(libmcrd.o) (UserFuncOpen)
../third_party/psyq/lib\libmcrd.a(bios.o)
                              ../third_party/psyq/lib\libmcrd.a(libmcrd.o) (_card_start)
../third_party/psyq/lib\libpad.a(pdcmd1.o)
                              controller.o (PadSetAct)
../third_party/psyq/lib\libpad.a(pdcmd2.o)
                              controller.o (PadSetActAlign)
../third_party/psyq/lib\libpad.a(pdent2.o)
                              controller.o (PadGetState)
../third_party/psyq/lib\libpad.a(pdmaiini.o)
                              controller.o (PadStartCom)
../third_party/psyq/lib\libpad.a(pdresres.o)
                              ../third_party/psyq/lib\libpad.a(pdcmd2.o) (_padSetCmd)
../third_party/psyq/lib\libpad.a(pdtapini.o)
                              controller.o (PadInitMtap)
../third_party/psyq/lib\libpad.a(pdtapres.o)
                              ../third_party/psyq/lib\libpad.a(pdtapini.o) (_padInitMtapPort)
../third_party/psyq/lib\libspu.a(s_i.o)
                              sound.o (SpuInit)
../third_party/psyq/lib\libspu.a(s_ini.o)
                              ../third_party/psyq/lib\libspu.a(s_i.o) (_SpuInit)
../third_party/psyq/lib\libspu.a(s_itc.o)
                              sound.o (SpuIsTransferCompleted)
../third_party/psyq/lib\libspu.a(s_m.o)
                              ../third_party/psyq/lib\libspu.a(s_ini.o) (_spu_memList)
../third_party/psyq/lib\libspu.a(s_m_init.o)
                              sound.o (SpuInitMalloc)
../third_party/psyq/lib\libspu.a(s_m_m.o)
                              sound.o (SpuMalloc)
../third_party/psyq/lib\libspu.a(s_rmp0.o)
                              ../third_party/psyq/lib\libspu.a(s_ini.o) (_spu_rev_startaddr)
../third_party/psyq/lib\libspu.a(s_sca.o)
                              sound.o (SpuSetCommonAttr)
../third_party/psyq/lib\libspu.a(s_si.o)
                              sound.o (SpuSetIRQ)
../third_party/psyq/lib\libspu.a(s_sk.o)
                              sound.o (SpuSetKey)
../third_party/psyq/lib\libspu.a(s_stm.o)
                              sound.o (SpuSetTransferMode)
../third_party/psyq/lib\libspu.a(s_stsa.o)
                              sound.o (SpuSetTransferStartAddr)
../third_party/psyq/lib\libspu.a(s_sva.o)
                              sound.o (SpuSetVoiceAttr)
../third_party/psyq/lib\libspu.a(s_w.o)
                              sound.o (SpuWrite)
../third_party/psyq/lib\libspu.a(spu.o)
                              ../third_party/psyq/lib\libspu.a(s_stsa.o) (_spu_FsetRXXa)
../third_party/psyq/lib\libspu.a(s_dcb.o)
                              ../third_party/psyq/lib\libspu.a(s_ini.o) (_SpuDataCallback)
../third_party/psyq/lib\libspu.a(s_m_int.o)
                              ../third_party/psyq/lib\libspu.a(s_m_m.o) (_spu_gcSPU)
../third_party/psyq/lib\libspu.a(s_n2p.o)
                              ../third_party/psyq/lib\libspu.a(s_sva.o) (_spu_note2pitch)
../third_party/psyq/lib\libapi.a(a07.o)
                              ../third_party/psyq/lib\libcd.a(event.o) (DeliverEvent)
../third_party/psyq/lib\libapi.a(a08.o)
                              ../third_party/psyq/lib\libmcrd.a(bios.o) (OpenEvent)
../third_party/psyq/lib\libapi.a(a09.o)
                              ../third_party/psyq/lib\libmcrd.a(bios.o) (CloseEvent)
../third_party/psyq/lib\libapi.a(a11.o)
                              ../third_party/psyq/lib\libmcrd.a(bios.o) (TestEvent)
../third_party/psyq/lib\libapi.a(a12.o)
                              ../third_party/psyq/lib\libmcrd.a(bios.o) (EnableEvent)
../third_party/psyq/lib\libapi.a(a23.o)
                              ../third_party/psyq/lib\libetc.a(intr.o) (ReturnFromException)
../third_party/psyq/lib\libapi.a(a24.o)
                              ../third_party/psyq/lib\libetc.a(intr.o) (ResetEntryInt)
../third_party/psyq/lib\libapi.a(a25.o)
                              ../third_party/psyq/lib\libetc.a(intr.o) (HookEntryInt)
../third_party/psyq/lib\libapi.a(a36.o)
                              ../third_party/psyq/lib\libetc.a(intr.o) (EnterCriticalSection)
../third_party/psyq/lib\libapi.a(a37.o)
                              ../third_party/psyq/lib\libetc.a(intr.o) (ExitCriticalSection)
../third_party/psyq/lib\libapi.a(a50.o)
                              ../third_party/psyq/lib\libmcrd.a(libmcrd.o) (open)
../third_party/psyq/lib\libapi.a(a51.o)
                              ../third_party/psyq/lib\libmcrd.a(libmcrd.o) (lseek)
../third_party/psyq/lib\libapi.a(a52.o)
                              ../third_party/psyq/lib\libmcrd.a(libmcrd.o) (read)
../third_party/psyq/lib\libapi.a(a53.o)
                              ../third_party/psyq/lib\libmcrd.a(libmcrd.o) (write)
../third_party/psyq/lib\libapi.a(a54.o)
                              ../third_party/psyq/lib\libmcrd.a(libmcrd.o) (close)
../third_party/psyq/lib\libapi.a(a67.o)
                              ../third_party/psyq/lib\libmcrd.a(libmcrd.o) (nextfile)
../third_party/psyq/lib\libapi.a(a91.o)
                              ../third_party/psyq/lib\libetc.a(intr.o) (ChangeClearPAD)
../third_party/psyq/lib\libapi.a(c112.o)
                              ../third_party/psyq/lib\libmcrd.a(init.o) (_bu_init)
../third_party/psyq/lib\libapi.a(c114.o)
                              ../third_party/psyq/lib\libetc.a(intr.o) (_96_remove)
../third_party/psyq/lib\libapi.a(c73.o)
                              ../third_party/psyq/lib\libgpu.a(sys.o) (GPU_cw)
../third_party/psyq/lib\libapi.a(first.o)
                              ../third_party/psyq/lib\libmcrd.a(libmcrd.o) (firstfile)
../third_party/psyq/lib\libapi.a(l02.o)
                              ../third_party/psyq/lib\libpad.a(pdmaiini.o) (SysEnqIntRP)
../third_party/psyq/lib\libapi.a(l03.o)
                              ../third_party/psyq/lib\libpad.a(pdmaiini.o) (SysDeqIntRP)
../third_party/psyq/lib\libapi.a(l10.o)
                              ../third_party/psyq/lib\libetc.a(intr.o) (ChangeClearRCnt)
../third_party/psyq/lib\libapi.a(a66.o)
                              ../third_party/psyq/lib\libapi.a(first.o) (firstfile2)
../third_party/psyq/lib\libc.a(a63.o)
                              ../third_party/psyq/lib\libcd.a(cdr_1.o) (puts)
../third_party/psyq/lib\libc.a(c19.o)
                              ../third_party/psyq/lib\libetc.a(intr.o) (setjmp)
../third_party/psyq/lib\libc.a(c21.o)
                              ../third_party/psyq/lib\libmcrd.a(libmcrd.o) (strcat)
../third_party/psyq/lib\libc.a(c23.o)
                              ../third_party/psyq/lib\libcd.a(iso9660.o) (strcmp)
../third_party/psyq/lib\libc.a(c24.o)
                              ../third_party/psyq/lib\libcd.a(iso9660.o) (strncmp)
../third_party/psyq/lib\libc.a(c26.o)
                              ../third_party/psyq/lib\libmcrd.a(low.o) (strncpy)
../third_party/psyq/lib\libc.a(c27.o)
                              ../third_party/psyq/lib\libgpu.a(font.o) (strlen)
../third_party/psyq/lib\libc.a(c40.o)
                              ../third_party/psyq/lib\libmcrd.a(low.o) (bzero)
../third_party/psyq/lib\libc.a(c43.o)
                              ../third_party/psyq/lib\libgpu.a(font.o) (memset)
../third_party/psyq/lib\libc.a(c63.o)
                              ../third_party/psyq/lib\libcd.a(event.o) (printf)
../third_party/psyq/lib\libcard.a(a78.o)
                              ../third_party/psyq/lib\libmcrd.a(low.o) (_card_write)
../third_party/psyq/lib\libcard.a(a79.o)
                              ../third_party/psyq/lib\libmcrd.a(low.o) (_card_read)
../third_party/psyq/lib\libcard.a(c171.o)
                              ../third_party/psyq/lib\libmcrd.a(libmcrd.o) (_card_info)
../third_party/psyq/lib\libcard.a(c172.o)
                              ../third_party/psyq/lib\libmcrd.a(libmcrd.o) (_card_load)
../third_party/psyq/lib\libcard.a(card.o)
                              ../third_party/psyq/lib\libmcrd.a(libmcrd.o) (_card_clear)
../third_party/psyq/lib\libcard.a(init.o)
                              ../third_party/psyq/lib\libmcrd.a(init.o) (StopCARD)
../third_party/psyq/lib\libcard.a(patch.o)
                              ../third_party/psyq/lib\libcard.a(init.o) (_patch_card_info)
../third_party/psyq/lib\libcard.a(a74.o)
                              ../third_party/psyq/lib\libcard.a(init.o) (InitCARD2)
../third_party/psyq/lib\libcard.a(a75.o)
                              ../third_party/psyq/lib\libcard.a(init.o) (StartCARD2)
../third_party/psyq/lib\libcard.a(a76.o)
                              ../third_party/psyq/lib\libcard.a(init.o) (StopCARD2)
../third_party/psyq/lib\libcard.a(a80.o)
                              ../third_party/psyq/lib\libcard.a(card.o) (_new_card)
../third_party/psyq/lib\libcard.a(end.o)
                              ../third_party/psyq/lib\libcard.a(init.o) (_ExitCard)
../third_party/psyq/lib\libapi.a(c68.o)
                              ../third_party/psyq/lib\libcard.a(patch.o) (FlushCache)
../third_party/psyq/lib\libapi.a(pad.o)
                              ../third_party/psyq/lib\libcard.a(init.o) (ReadInitPadFlag)
../third_party/psyq/lib\libapi.a(patch.o)
                              ../third_party/psyq/lib\libapi.a(pad.o) (_patch_pad)
../third_party/psyq/lib\libapi.a(a18.o)
                              ../third_party/psyq/lib\libapi.a(pad.o) (InitPAD2)
../third_party/psyq/lib\libapi.a(a19.o)
                              ../third_party/psyq/lib\libapi.a(pad.o) (StartPAD2)
../third_party/psyq/lib\libapi.a(a21.o)
                              ../third_party/psyq/lib\libapi.a(pad.o) (PAD_init2)
../third_party/psyq/lib\libapi.a(chclrpad.o)
                              ../third_party/psyq/lib\libapi.a(pad.o) (_remove_ChgclrPAD)

Discarded input sections

 .text          0x0000000000000000        0x0 main.o
 .data          0x0000000000000000        0x0 main.o
 .MIPS.abiflags
                0x0000000000000000       0x18 main.o
 .pdr           0x0000000000000000       0x20 main.o
 .text          0x0000000000000000        0x0 game.o
 .data          0x0000000000000000        0x0 game.o
 .bss           0x0000000000000000        0x0 game.o
 .reginfo       0x0000000000000000       0x18 game.o
 .MIPS.abiflags
                0x0000000000000000       0x18 game.o
 .pdr           0x0000000000000000       0xa0 game.o
 .text._ZN10GameEngineD2Ev
                0x0000000000000000       0x80 game.o
 .text          0x0000000000000000        0x0 graph.o
 .data          0x0000000000000000        0x0 graph.o
 .bss           0x0000000000000000        0x0 graph.o
 .reginfo       0x0000000000000000       0x18 graph.o
 .MIPS.abiflags
                0x0000000000000000       0x18 graph.o
 .pdr           0x0000000000000000       0xe0 graph.o
 .text          0x0000000000000000        0x0 cdrom.o
 .data          0x0000000000000000        0x0 cdrom.o
 .bss           0x0000000000000000        0x0 cdrom.o
 .reginfo       0x0000000000000000       0x18 cdrom.o
 .MIPS.abiflags
                0x0000000000000000       0x18 cdrom.o
 .pdr           0x0000000000000000       0xa0 cdrom.o
 .text          0x0000000000000000        0x0 sound.o
 .data          0x0000000000000000        0x0 sound.o
 .bss           0x0000000000000000        0x0 sound.o
 .reginfo       0x0000000000000000       0x18 sound.o
 .MIPS.abiflags
                0x0000000000000000       0x18 sound.o
 .pdr           0x0000000000000000       0xe0 sound.o
 .text          0x0000000000000000        0x0 memcard.o
 .data          0x0000000000000000        0x0 memcard.o
 .bss           0x0000000000000000        0x0 memcard.o
 .reginfo       0x0000000000000000       0x18 memcard.o
 .MIPS.abiflags
                0x0000000000000000       0x18 memcard.o
 .pdr           0x0000000000000000       0xc0 memcard.o
 .text          0x0000000000000000        0x0 controller.o
 .data          0x0000000000000000        0x0 controller.o
 .bss           0x0000000000000000        0x0 controller.o
 .reginfo       0x0000000000000000       0x18 controller.o
 .MIPS.abiflags
                0x0000000000000000       0x18 controller.o
 .pdr           0x0000000000000000      0x100 controller.o
 .text          0x0000000000000000        0x0 player.o
 .data          0x0000000000000000        0x0 player.o
 .bss           0x0000000000000000        0x0 player.o
 .reginfo       0x0000000000000000       0x18 player.o
 .MIPS.abiflags
                0x0000000000000000       0x18 player.o
 .pdr           0x0000000000000000       0x60 player.o
 .text          0x0000000000000000        0x0 region_eu.o
 .data          0x0000000000000000        0x0 region_eu.o
 .bss           0x0000000000000000        0x0 region_eu.o
 .reginfo       0x0000000000000000       0x18 region_eu.o
 .MIPS.abiflags
                0x0000000000000000       0x18 region_eu.o
 .pdr           0x0000000000000000       0x40 region_eu.o
 .text          0x0000000000000000        0x0 ../third_party/common/syscalls/printf.o
 .data          0x0000000000000000        0x0 ../third_party/common/syscalls/printf.o
 .bss           0x0000000000000000        0x0 ../third_party/common/syscalls/printf.o
 .reginfo       0x0000000000000000       0x18 ../third_party/common/syscalls/printf.o
 .MIPS.abiflags
                0x0000000000000000       0x18 ../third_party/common/syscalls/printf.o
 .pdr           0x0000000000000000        0x0 ../third_party/common/syscalls/printf.o
 .ramtext       0x0000000000000000        0xc ../third_party/common/syscalls/printf.o
 .debug_line    0x0000000000000000       0x4b ../third_party/common/syscalls/printf.o
 .debug_line_str
                0x0000000000000000       0x45 ../third_party/common/syscalls/printf.o
 .debug_info    0x0000000000000000       0x24 ../third_party/common/syscalls/printf.o
 .debug_abbrev  0x0000000000000000       0x14 ../third_party/common/syscalls/printf.o
 .debug_aranges
                0x0000000000000000       0x20 ../third_party/common/syscalls/printf.o
 .debug_str     0x0000000000000000       0x48 ../third_party/common/syscalls/printf.o
 .gnu.attributes
                0x0000000000000000       0x10 ../third_party/common/syscalls/printf.o
 .text          0x0000000000000000        0x0 ../third_party/common/crt0/crt0.o
 .data          0x0000000000000000        0x0 ../third_party/common/crt0/crt0.o
 .bss           0x0000000000000000        0x0 ../third_party/common/crt0/crt0.o
 .reginfo       0x0000000000000000       0x18 ../third_party/common/crt0/crt0.o
 .MIPS.abiflags
                0x0000000000000000       0x18 ../third_party/common/crt0/crt0.o
 .data          0x0000000000000000       0x10 ../third_party/psyq/lib\libmcrd.a(init.o)
 .data          0x0000000000000000       0x10 ../third_party/psyq/lib\libcard.a(init.o)

Memory Configuration

Name             Origin             Length             Attributes
loader           0x000000008000f800 0x0000000000000800
ram              0x0000000080010000 0x00000000001f0000 xrw
dcache           0x000000001f800000 0x0000000000000400
*default*        0x0000000000000000 0xffffffffffffffff

Linker script and memory map

LOAD main.o
LOAD game.o
LOAD graph.o
LOAD cdrom.o
LOAD sound.o
LOAD memcard.o
LOAD controller.o
LOAD player.o
LOAD region_eu.o
LOAD ../third_party/common/syscalls/printf.o
LOAD ../third_party/common/crt0/crt0.o
START GROUP
LOAD ../third_party/psyq/lib\libapi.a
LOAD ../third_party/psyq/lib\libc.a
LOAD ../third_party/psyq/lib\libc2.a
LOAD ../third_party/psyq/lib\libcd.a
LOAD ../third_party/psyq/lib\libcard.a
LOAD ../third_party/psyq/lib\libcomb.a
LOAD ../third_party/psyq/lib\libds.a
LOAD ../third_party/psyq/lib\libetc.a
LOAD ../third_party/psyq/lib\libgpu.a
LOAD ../third_party/psyq/lib\libgs.a
LOAD ../third_party/psyq/lib\libgte.a
LOAD ../third_party/psyq/lib\libgpu.a
LOAD ../third_party/psyq/lib\libgun.a
LOAD ../third_party/psyq/lib\libhmd.a
LOAD ../third_party/psyq/lib\libmath.a
LOAD ../third_party/psyq/lib\libmcrd.a
LOAD ../third_party/psyq/lib\libmcx.a
LOAD ../third_party/psyq/lib\libpad.a
LOAD ../third_party/psyq/lib\libpress.a
LOAD ../third_party/psyq/lib\libsio.a
LOAD ../third_party/psyq/lib\libsnd.a
LOAD ../third_party/psyq/lib\libspu.a
LOAD ../third_party/psyq/lib\libtap.a
END GROUP
                0x000000008006f728                __heap_base = __bss_end
                0x0000000080010000                TLOAD_ADDR = DEFINED (TLOAD_ADDR)?TLOAD_ADDR:0x80010000
                0x0000000080200000                __ram_top = (ORIGIN (ram) + LENGTH (ram))
                0x00000000801fff00                __sp = (__ram_top - 0x100)
                0x000000001f800000                __dcache = ORIGIN (dcache)
                0x000000001f800400                __dcache_top = (ORIGIN (dcache) + LENGTH (dcache))
                0x0000000000048f28                __bss_len = (__bss_end - __bss_start)
                0x0000000000013420                __ftext_len = (__ftext_end - __ftext_start)
                0x00000000000033e0                __fdata_len = (__fdata_end - __fdata_start)
                0x0000000080200000                __stack_start = (ORIGIN (ram) + LENGTH (ram))

.PSX_EXE_Header
                0x000000008000f800      0x800
                0x000000008000f800        0x1 BYTE 0x50
                0x000000008000f801        0x1 BYTE 0x53
                0x000000008000f802        0x1 BYTE 0x2d
                0x000000008000f803        0x1 BYTE 0x58
                0x000000008000f804        0x1 BYTE 0x20
                0x000000008000f805        0x1 BYTE 0x45
                0x000000008000f806        0x1 BYTE 0x58
                0x000000008000f807        0x1 BYTE 0x45
                0x000000008000f808        0x4 LONG 0x0
                0x000000008000f80c        0x4 LONG 0x0
                0x000000008000f810        0x4 LONG 0x80010000 ABSOLUTE (_start)
                0x000000008000f814        0x4 LONG 0x0
                0x000000008000f818        0x4 LONG 0x80010000 TLOAD_ADDR
                0x000000008000f81c        0x4 LONG 0x16800 (__ftext_len + __fdata_len)
                0x000000008000f820        0x4 LONG 0x0
                0x000000008000f824        0x4 LONG 0x0
                0x000000008000f828        0x4 LONG 0x0
                0x000000008000f82c        0x4 LONG 0x0
                0x000000008000f830        0x4 LONG 0x801fff00 DEFINED (_sp)?ABSOLUTE (_sp):0x801fff00
                0x000000008000f834        0x4 LONG 0x0
                0x0000000080010000                . = (. + 0x7c8)
 *fill*         0x000000008000f838      0x7c8 
                0x0000000080010000                __ftext_start = ABSOLUTE (.)

.text           0x0000000080010000    0x13420
 *(.start)
 .start         0x0000000080010000       0x64 ../third_party/common/crt0/crt0.o
                0x0000000080010000                _start
 *(.init)
 *(SORT_NONE(.fini))
 *(.text.unlikely .text.*_unlikely .text.unlikely.*)
 *(.text.exit .text.exit.*)
 *(.text.startup .text.startup.*)
 .text.startup.main
                0x0000000080010064       0x48 main.o
                0x0000000080010064                main
 *(.text.hot .text.hot.*)
 *(.text .stub .text.* .gnu.linkonce.t.*)
 .text._ZN10GameEngineC2Ev
                0x00000000800100ac      0x188 game.o
                0x00000000800100ac                GameEngine::GameEngine()
                0x00000000800100ac                GameEngine::GameEngine()
 .text._ZN10GameEngine8GameInitEv
                0x0000000080010234       0x70 game.o
                0x0000000080010234                GameEngine::GameInit()
 .text._ZN10GameEngine13GameLoadStuffEv
                0x00000000800102a4       0xf4 game.o
                0x00000000800102a4                GameEngine::GameLoadStuff()
 .text._ZN10GameEngine8GameLoopEv
                0x0000000080010398      0xf6c game.o
                0x0000000080010398                GameEngine::GameLoop()
 .text._ZN9GameGraphC2Ev
                0x0000000080011304       0x24 graph.o
                0x0000000080011304                GameGraph::GameGraph()
                0x0000000080011304                GameGraph::GameGraph()
 .text._ZN9GameGraphD2Ev
                0x0000000080011328        0x8 graph.o
                0x0000000080011328                GameGraph::~GameGraph()
                0x0000000080011328                GameGraph::~GameGraph()
 .text._ZN9GameGraph11LoadTextureEPm
                0x0000000080011330       0x80 graph.o
                0x0000000080011330                GameGraph::LoadTexture(unsigned long*)
 .text._ZN9GameGraph9GraphDispEv
                0x00000000800113b0       0xac graph.o
                0x00000000800113b0                GameGraph::GraphDisp()
 .text._ZN9GameGraph7CleanOTEv
                0x000000008001145c       0x18 graph.o
                0x000000008001145c                GameGraph::CleanOT()
 .text._ZN9GameGraph9ClearVRAMEv
                0x0000000080011474       0x3c graph.o
                0x0000000080011474                GameGraph::ClearVRAM()
 .text._ZN9GameGraph9GraphInitEv
                0x00000000800114b0      0x1d0 graph.o
                0x00000000800114b0                GameGraph::GraphInit()
 .text._ZN9GameCDROMC2Ev
                0x0000000080011680        0x8 cdrom.o
                0x0000000080011680                GameCDROM::GameCDROM()
                0x0000000080011680                GameCDROM::GameCDROM()
 .text._ZN9GameCDROMD2Ev
                0x0000000080011688        0x8 cdrom.o
                0x0000000080011688                GameCDROM::~GameCDROM()
                0x0000000080011688                GameCDROM::~GameCDROM()
 .text._ZN9GameCDROM10CDROM_InitEv
                0x0000000080011690        0x8 cdrom.o
                0x0000000080011690                GameCDROM::CDROM_Init()
 .text._ZN9GameCDROM14CDROM_ReadFileEPKc
                0x0000000080011698       0x7c cdrom.o
                0x0000000080011698                GameCDROM::CDROM_ReadFile(char const*)
 .text._ZN9GameCDROM13CDROM_StandbyEv
                0x0000000080011714       0x3c cdrom.o
                0x0000000080011714                GameCDROM::CDROM_Standby()
 .text._ZN9GameSoundC2Ev
                0x0000000080011750        0x8 sound.o
                0x0000000080011750                GameSound::GameSound()
                0x0000000080011750                GameSound::GameSound()
 .text._ZN9GameSoundD2Ev
                0x0000000080011758        0x8 sound.o
                0x0000000080011758                GameSound::~GameSound()
                0x0000000080011758                GameSound::~GameSound()
 .text._ZN9GameSound9SoundInitEv
                0x0000000080011760       0x58 sound.o
                0x0000000080011760                GameSound::SoundInit()
 .text._ZN9GameSound12SendVAGtoSPUEjPh
                0x00000000800117b8       0x50 sound.o
                0x00000000800117b8                GameSound::SendVAGtoSPU(unsigned int, unsigned char*)
 .text._ZN9GameSound12SetVoiceAttrEjlm
                0x0000000080011808       0x5c sound.o
                0x0000000080011808                GameSound::SetVoiceAttr(unsigned int, long, unsigned long)
 .text._ZN9GameSound14SetSPUtransferEP8VAGsound
                0x0000000080011864      0x118 sound.o
                0x0000000080011864                GameSound::SetSPUtransfer(VAGsound*)
 .text._ZN9GameSound7PlaySFXEP8VAGsound
                0x000000008001197c       0x50 sound.o
                0x000000008001197c                GameSound::PlaySFX(VAGsound*)
 .text._ZN8GameSaveC2Ev
                0x00000000800119cc        0x8 memcard.o
                0x00000000800119cc                GameSave::GameSave()
                0x00000000800119cc                GameSave::GameSave()
 .text._ZN8GameSaveD2Ev
                0x00000000800119d4        0x8 memcard.o
                0x00000000800119d4                GameSave::~GameSave()
                0x00000000800119d4                GameSave::~GameSave()
 .text._ZN8GameSave12MemCard_InitEv
                0x00000000800119dc       0x1c memcard.o
                0x00000000800119dc                GameSave::MemCard_Init()
 .text._ZN8GameSave13PrepareHeaderEPm
                0x00000000800119f8       0x6c memcard.o
                0x00000000800119f8                GameSave::PrepareHeader(unsigned long*)
 .text._ZN8GameSave12MemCard_SaveEiiii
                0x0000000080011a64      0x320 memcard.o
                0x0000000080011a64                GameSave::MemCard_Save(int, int, int, int)
 .text._ZN8GameSave12MemCard_LoadEii
                0x0000000080011d84      0x1ec memcard.o
                0x0000000080011d84                GameSave::MemCard_Load(int, int)
 .text._ZN14GameControllerC2Ev
                0x0000000080011f70       0x30 controller.o
                0x0000000080011f70                GameController::GameController()
                0x0000000080011f70                GameController::GameController()
 .text._ZN14GameControllerD2Ev
                0x0000000080011fa0        0x8 controller.o
                0x0000000080011fa0                GameController::~GameController()
                0x0000000080011fa0                GameController::~GameController()
 .text._ZN14GameController14ControllerInitEv
                0x0000000080011fa8       0x1c controller.o
                0x0000000080011fa8                GameController::ControllerInit()
 .text._ZN14GameController11IsConnectedEi
                0x0000000080011fc4       0xf0 controller.o
                0x0000000080011fc4                GameController::IsConnected(int)
 .text._ZN14GameController9CheckTypeEi
                0x00000000800120b4       0xdc controller.o
                0x00000000800120b4                GameController::CheckType(int)
 .text._ZN14GameController11CheckButtonEi
                0x0000000080012190       0xd8 controller.o
                0x0000000080012190                GameController::CheckButton(int)
 .text._ZN14GameController10CheckStickEii
                0x0000000080012268       0xf0 controller.o
                0x0000000080012268                GameController::CheckStick(int, int)
 .text._ZN14GameController12LoopVibratorEi
                0x0000000080012358       0xac controller.o
                0x0000000080012358                GameController::LoopVibrator(int)
 .text._ZN6PlayerC2Ev
                0x0000000080012404       0x10 player.o
                0x0000000080012404                Player::Player()
                0x0000000080012404                Player::Player()
 .text._ZN6PlayerD2Ev
                0x0000000080012414        0x8 player.o
                0x0000000080012414                Player::~Player()
                0x0000000080012414                Player::~Player()
 .text._ZN6Player10DrawSpriteEPmPc
                0x000000008001241c       0xcc player.o
                0x000000008001241c                Player::DrawSprite(unsigned long*, char*)
 .text._ZN10GameRegionC2Ev
                0x00000000800124e8        0x8 region_eu.o
                0x00000000800124e8                GameRegion::GameRegion()
                0x00000000800124e8                GameRegion::GameRegion()
 .text._ZN10GameRegionD2Ev
                0x00000000800124f0        0x8 region_eu.o
                0x00000000800124f0                GameRegion::~GameRegion()
                0x00000000800124f0                GameRegion::~GameRegion()
 .text          0x00000000800124f8       0x10 ../third_party/psyq/lib\libapi.a(c57.o)
                0x00000000800124f8                InitHeap
 .text          0x0000000080012508       0x10 ../third_party/psyq/lib\libc.a(c25.o)
                0x0000000080012508                strcpy
 .text          0x0000000080012518       0x10 ../third_party/psyq/lib\libc.a(c42.o)
                0x0000000080012518                memcpy
 .text          0x0000000080012528       0x10 ../third_party/psyq/lib\libc.a(c51.o)
                0x0000000080012528                malloc
 .text          0x0000000080012538       0x10 ../third_party/psyq/lib\libc.a(c52.o)
                0x0000000080012538                free
 .text          0x0000000080012548      0x9a0 ../third_party/psyq/lib\libcd.a(cdr_1.o)
                0x0000000080012aa8                CdReadBreak
                0x0000000080012c48                CdRead
                0x0000000080012de4                CdReadSync
 .text          0x0000000080012ee8      0x150 ../third_party/psyq/lib\libcd.a(event.o)
                0x0000000080012ee8                CdInit
 .text          0x0000000080013038      0x970 ../third_party/psyq/lib\libcd.a(iso9660.o)
                0x0000000080013038                CdSearchFile
 .text          0x00000000800139a8      0x110 ../third_party/psyq/lib\libcd.a(s_002.o)
                0x00000000800139a8                CdIntToPos
 .text          0x0000000080013ab8       0x10 ../third_party/psyq/lib\libcd.a(s_003.o)
                0x0000000080013ab8                CdStatus
 .text          0x0000000080013ac8       0x10 ../third_party/psyq/lib\libcd.a(s_004.o)
                0x0000000080013ac8                CdMode
 .text          0x0000000080013ad8       0x10 ../third_party/psyq/lib\libcd.a(s_006.o)
                0x0000000080013ad8                CdLastPos
 .text          0x0000000080013ae8       0x20 ../third_party/psyq/lib\libcd.a(s_008.o)
                0x0000000080013ae8                CdFlush
 .text          0x0000000080013b08       0x20 ../third_party/psyq/lib\libcd.a(s_013.o)
                0x0000000080013b08                CdReady
 .text          0x0000000080013b28       0x20 ../third_party/psyq/lib\libcd.a(s_014.o)
                0x0000000080013b28                CdSyncCallback
 .text          0x0000000080013b48       0x20 ../third_party/psyq/lib\libcd.a(s_015.o)
                0x0000000080013b48                CdReadyCallback
 .text          0x0000000080013b68      0x3c0 ../third_party/psyq/lib\libcd.a(s_016.o)
                0x0000000080013b68                CdControl
                0x0000000080013ca4                CdControlF
                0x0000000080013dd8                CdControlB
 .text          0x0000000080013f28       0x20 ../third_party/psyq/lib\libcd.a(s_021.o)
                0x0000000080013f28                CdGetSector
 .text          0x0000000080013f48       0x20 ../third_party/psyq/lib\libcd.a(s_022.o)
                0x0000000080013f48                CdGetSector2
 .text          0x0000000080013f68       0x30 ../third_party/psyq/lib\libcd.a(s_023.o)
                0x0000000080013f68                CdDataCallback
 .text          0x0000000080013f98       0x20 ../third_party/psyq/lib\libcd.a(s_024.o)
                0x0000000080013f98                CdDataSync
 .text          0x0000000080013fb8       0x80 ../third_party/psyq/lib\libcd.a(sys.o)
                0x0000000080013fb8                CdPosToInt
 .text          0x0000000080014038     0x1580 ../third_party/psyq/lib\libcd.a(bios_1.o)
                0x000000008001459c                CD_sync
                0x000000008001481c                CD_ready
                0x0000000080014ae4                CD_cw
                0x0000000080014ef0                CD_vol
                0x0000000080014f78                CD_flush
                0x000000008001504c                CD_initvol
                0x000000008001513c                CD_initintr
                0x0000000080015188                CD_init
                0x0000000080015368                CD_datasync
                0x00000000800154d0                CD_set_test_parmnum
 .text          0x00000000800155b8      0x100 ../third_party/psyq/lib\libcd.a(bios_2.o)
                0x00000000800155b8                CD_getsector
 .text          0x00000000800156b8       0xf0 ../third_party/psyq/lib\libcd.a(bios_3.o)
                0x00000000800156b8                CD_getsector2
 .text          0x00000000800157a8      0x6c0 ../third_party/psyq/lib\libetc.a(intr.o)
                0x00000000800157a8                ResetCallback
                0x00000000800157d8                InterruptCallback
                0x0000000080015808                DMACallback
                0x0000000080015838                VSyncCallback
                0x000000008001586c                VSyncCallbacks
                0x000000008001589c                StopCallback
                0x00000000800158cc                RestartCallback
                0x00000000800158fc                CheckCallback
                0x000000008001590c                GetIntrMask
                0x0000000080015924                SetIntrMask
 .text          0x0000000080015e68      0x2a0 ../third_party/psyq/lib\libetc.a(intr_dma.o)
                0x0000000080015e68                startIntrDMA
 .text          0x0000000080016108      0x120 ../third_party/psyq/lib\libetc.a(intr_vb.o)
                0x0000000080016108                startIntrVSync
 .text          0x0000000080016228       0x30 ../third_party/psyq/lib\libetc.a(vmode.o)
                0x0000000080016228                SetVideoMode
                0x000000008001623c                GetVideoMode
 .text          0x0000000080016258      0x210 ../third_party/psyq/lib\libetc.a(vsync.o)
                0x0000000080016258                VSync
 .text          0x0000000080016468       0xc0 ../third_party/psyq/lib\libgpu.a(e03.o)
                0x0000000080016468                SetDefDrawEnv
 .text          0x0000000080016528       0x40 ../third_party/psyq/lib\libgpu.a(e04.o)
                0x0000000080016528                SetDefDispEnv
 .text          0x0000000080016568      0xa80 ../third_party/psyq/lib\libgpu.a(font.o)
                0x0000000080016568                SetDumpFnt
                0x00000000800165a8                FntLoad
                0x0000000080016648                FntOpen
                0x0000000080016904                FntFlush
                0x0000000080016c20                FntPrint
 .text          0x0000000080016fe8       0x40 ../third_party/psyq/lib\libgpu.a(p06.o)
                0x0000000080016fe8                AddPrim
 .text          0x0000000080017028       0x20 ../third_party/psyq/lib\libgpu.a(p09.o)
                0x0000000080017028                TermPrim
 .text          0x0000000080017048       0x30 ../third_party/psyq/lib\libgpu.a(p10.o)
                0x0000000080017048                SetSemiTrans
 .text          0x0000000080017078       0x20 ../third_party/psyq/lib\libgpu.a(p20.o)
                0x0000000080017078                SetSprt8
 .text          0x0000000080017098       0x20 ../third_party/psyq/lib\libgpu.a(p26.o)
                0x0000000080017098                SetTile
 .text          0x00000000800170b8       0xa0 ../third_party/psyq/lib\libgpu.a(p41.o)
                0x00000000800170b8                SetDrawMode
 .text          0x0000000080017158     0x2f00 ../third_party/psyq/lib\libgpu.a(sys.o)
                0x0000000080017158                ResetGraph
                0x00000000800172cc                SetGraphDebug
                0x0000000080017328                SetGraphQueue
                0x00000000800173cc                GetGraphDebug
                0x00000000800173dc                DrawSyncCallback
                0x000000008001743c                SetDispMask
                0x00000000800174d4                DrawSync
                0x0000000080017658                ClearImage
                0x00000000800176e8                ClearImage2
                0x0000000080017780                LoadImage
                0x00000000800177e0                StoreImage
                0x0000000080017840                MoveImage
                0x00000000800178f8                ClearOTag
                0x00000000800179c0                ClearOTagR
                0x0000000080017a6c                DrawPrim
                0x0000000080017ac8                DrawOTag
                0x0000000080017b38                PutDrawEnv
                0x0000000080017bf8                DrawOTagEnv
                0x0000000080017cd0                GetDrawEnv
                0x0000000080017d04                PutDispEnv
                0x00000000800181fc                GetDispEnv
                0x0000000080018230                GetODE
                0x0000000080018260                SetDrawArea
                0x00000000800182e0                SetDrawOffset
                0x0000000080018320                SetDrawEnv
                0x0000000080019bf0                LoadImage2
                0x0000000080019cdc                StoreImage2
                0x0000000080019dc8                MoveImage2
                0x0000000080019f0c                DrawOTag2
                0x000000008001a008                _GPU_ResetCallback
 .text          0x000000008001a058      0x190 ../third_party/psyq/lib\libgpu.a(t00.o)
                0x000000008001a058                OpenTIM
                0x000000008001a068                ReadTIM
 .text          0x000000008001a1e8       0xf0 ../third_party/psyq/lib\libgpu.a(e00.o)
                0x000000008001a1e8                LoadTPage
 .text          0x000000008001a2d8       0x70 ../third_party/psyq/lib\libgpu.a(e02.o)
                0x000000008001a2d8                LoadClut2
 .text          0x000000008001a348       0x40 ../third_party/psyq/lib\libgpu.a(p00.o)
                0x000000008001a348                GetTPage
 .text          0x000000008001a388       0x20 ../third_party/psyq/lib\libgpu.a(p01.o)
                0x000000008001a388                GetClut
 .text          0x000000008001a3a8       0x50 ../third_party/psyq/lib\libmcrd.a(init.o)
                0x000000008001a3a8                MemCardInit
                0x000000008001a3d8                MemCardEnd
 .text          0x000000008001a3f8     0x18d0 ../third_party/psyq/lib\libmcrd.a(libmcrd.o)
                0x000000008001a3f8                PushCallbackFunc
                0x000000008001a420                PullCallbackFunc
                0x000000008001a448                McrdGetGlobalStructure
                0x000000008001a454                MemCardStart
                0x000000008001a4c4                MemCardStop
                0x000000008001a504                MemCardExist
                0x000000008001a888                MemCardAccept
                0x000000008001ab98                MemCardOpen
                0x000000008001ad20                MemCardClose
                0x000000008001ad64                MemCardReadData
                0x000000008001afcc                MemCardWriteData
                0x000000008001b230                MemCardReadFile
                0x000000008001b450                MemCardWriteFile
                0x000000008001b670                MemCardGetDirentry
                0x000000008001b8cc                MemCardCallback
                0x000000008001b8e0                MemCardSync
                0x000000008001b9fc                MemCardCreateFile
                0x000000008001baf8                MemCardFormat
 .text          0x000000008001bcc8      0xa90 ../third_party/psyq/lib\libmcrd.a(low.o)
                0x000000008001bcc8                _card_format2
                0x000000008001c098                _card_create2
 .text          0x000000008001c758      0x110 ../third_party/psyq/lib\libmcrd.a(userfunc.o)
                0x000000008001c758                UserFuncInit
                0x000000008001c768                UserFuncOpen
                0x000000008001c7e4                UserFuncExecute
                0x000000008001c850                UserFuncComplete
 .text          0x000000008001c868      0x6b0 ../third_party/psyq/lib\libmcrd.a(bios.o)
                0x000000008001c868                funcEvSpIOE
                0x000000008001c87c                funcEvSpError
                0x000000008001c890                funcEvSpTimeout
                0x000000008001c8a4                funcEvSpNewcard
                0x000000008001c8b8                funcEvSpIOEx
                0x000000008001c8cc                funcEvSpErrorx
                0x000000008001c8e0                funcEvSpTimeoutx
                0x000000008001c8f4                funcEvSpNewcardx
                0x000000008001c908                _card_open
                0x000000008001c938                _card_start
                0x000000008001cb14                _card_close
                0x000000008001cb34                _card_stop
                0x000000008001cbe8                _clr_card_event
                0x000000008001ccf0                _get_card_event
                0x000000008001cdc8                _get_card_event_x
                0x000000008001cea0                _chk_card_event
                0x000000008001cedc                _chk_card_event_x
 .text          0x000000008001cf18       0x40 ../third_party/psyq/lib\libpad.a(pdcmd1.o)
                0x000000008001cf18                PadSetAct
 .text          0x000000008001cf58      0x170 ../third_party/psyq/lib\libpad.a(pdcmd2.o)
                0x000000008001cf58                PadSetActAlign
 .text          0x000000008001d0c8       0xd0 ../third_party/psyq/lib\libpad.a(pdent2.o)
                0x000000008001d0c8                PadGetState
 .text          0x000000008001d198      0x110 ../third_party/psyq/lib\libpad.a(pdmaiini.o)
                0x000000008001d198                PadStartCom
                0x000000008001d264                PadStopCom
 .text          0x000000008001d2a8     0x1e70 ../third_party/psyq/lib\libpad.a(pdresres.o)
                0x000000008001d2a8                _padIsVsync
                0x000000008001d310                _padIntPad
                0x000000008001d4a0                _padInitSioMode
                0x000000008001d8c4                _padSioRW
                0x000000008001dae8                _padSioRW2
                0x000000008001dd64                _padClrIntSio0
                0x000000008001ddf4                _padWaitRXready
                0x000000008001de1c                _padSetCmd
                0x000000008001de2c                _padSendAtLoadInfo
                0x000000008001deb0                _padRecvAtLoadInfo
                0x000000008001e120                _padGetActSize
                0x000000008001e158                _padLoadActInfo
                0x000000008001e6cc                _padCmdParaMode
                0x000000008001e774                _padSetRC2wait
                0x000000008001e794                _padChkRC2wait
 .text          0x000000008001f118      0x160 ../third_party/psyq/lib\libpad.a(pdtapini.o)
                0x000000008001f118                PadInitMtap
 .text          0x000000008001f278     0x1140 ../third_party/psyq/lib\libpad.a(pdtapres.o)
                0x000000008001f278                _padInitMtapPort
                0x000000008001ffb4                _mtapFailAuto
 .text          0x00000000800203b8       0x20 ../third_party/psyq/lib\libspu.a(s_i.o)
                0x00000000800203b8                SpuInit
 .text          0x00000000800203d8      0x160 ../third_party/psyq/lib\libspu.a(s_ini.o)
                0x00000000800203d8                _SpuInit
                0x00000000800204c0                SpuStart
 .text          0x0000000080020538       0xb0 ../third_party/psyq/lib\libspu.a(s_itc.o)
                0x0000000080020538                SpuIsTransferCompleted
 .text          0x00000000800205e8       0x60 ../third_party/psyq/lib\libspu.a(s_m_init.o)
                0x00000000800205e8                SpuInitMalloc
 .text          0x0000000080020648      0x2d0 ../third_party/psyq/lib\libspu.a(s_m_m.o)
                0x0000000080020648                SpuMalloc
 .text          0x0000000080020918      0x380 ../third_party/psyq/lib\libspu.a(s_sca.o)
                0x0000000080020918                SpuSetCommonAttr
 .text          0x0000000080020c98      0x140 ../third_party/psyq/lib\libspu.a(s_si.o)
                0x0000000080020c98                SpuSetIRQ
 .text          0x0000000080020dd8      0x1c0 ../third_party/psyq/lib\libspu.a(s_sk.o)
                0x0000000080020dd8                SpuSetKey
 .text          0x0000000080020f98       0x30 ../third_party/psyq/lib\libspu.a(s_stm.o)
                0x0000000080020f98                SpuSetTransferMode
 .text          0x0000000080020fc8       0x60 ../third_party/psyq/lib\libspu.a(s_stsa.o)
                0x0000000080020fc8                SpuSetTransferStartAddr
 .text          0x0000000080021028      0x600 ../third_party/psyq/lib\libspu.a(s_sva.o)
                0x0000000080021028                SpuSetVoiceAttr
 .text          0x0000000080021628       0x60 ../third_party/psyq/lib\libspu.a(s_w.o)
                0x0000000080021628                SpuWrite
 .text          0x0000000080021688      0xb40 ../third_party/psyq/lib\libspu.a(spu.o)
                0x0000000080021688                _spu_init
                0x0000000080021ac8                _spu_FiDMA
                0x0000000080021b84                _spu_Fr_
                0x0000000080021c2c                _spu_t
                0x0000000080021eac                _spu_Fw
                0x0000000080021f30                _spu_Fr
                0x0000000080021f94                _spu_FsetRXX
                0x0000000080021fd8                _spu_FsetRXXa
                0x000000008002207c                _spu_FgetRXXa
                0x00000000800220b8                _spu_FsetPCR
                0x0000000080022160                _spu_Fw1ts
 .text          0x00000000800221c8       0x30 ../third_party/psyq/lib\libspu.a(s_dcb.o)
                0x00000000800221c8                _SpuDataCallback
 .text          0x00000000800221f8      0x300 ../third_party/psyq/lib\libspu.a(s_m_int.o)
                0x00000000800221f8                _spu_gcSPU
 .text          0x00000000800224f8      0x200 ../third_party/psyq/lib\libspu.a(s_n2p.o)
                0x00000000800224f8                _spu_note2pitch
                0x00000000800225c8                _spu_pitch2note
 .text          0x00000000800226f8       0x10 ../third_party/psyq/lib\libapi.a(a07.o)
                0x00000000800226f8                DeliverEvent
 .text          0x0000000080022708       0x10 ../third_party/psyq/lib\libapi.a(a08.o)
                0x0000000080022708                OpenEvent
 .text          0x0000000080022718       0x10 ../third_party/psyq/lib\libapi.a(a09.o)
                0x0000000080022718                CloseEvent
 .text          0x0000000080022728       0x10 ../third_party/psyq/lib\libapi.a(a11.o)
                0x0000000080022728                TestEvent
 .text          0x0000000080022738       0x10 ../third_party/psyq/lib\libapi.a(a12.o)
                0x0000000080022738                EnableEvent
 .text          0x0000000080022748       0x10 ../third_party/psyq/lib\libapi.a(a23.o)
                0x0000000080022748                ReturnFromException
 .text          0x0000000080022758       0x10 ../third_party/psyq/lib\libapi.a(a24.o)
                0x0000000080022758                ResetEntryInt
 .text          0x0000000080022768       0x10 ../third_party/psyq/lib\libapi.a(a25.o)
                0x0000000080022768                HookEntryInt
 .text          0x0000000080022778       0x10 ../third_party/psyq/lib\libapi.a(a36.o)
                0x0000000080022778                EnterCriticalSection
 .text          0x0000000080022788       0x10 ../third_party/psyq/lib\libapi.a(a37.o)
                0x0000000080022788                ExitCriticalSection
 .text          0x0000000080022798       0x10 ../third_party/psyq/lib\libapi.a(a50.o)
                0x0000000080022798                open
 .text          0x00000000800227a8       0x10 ../third_party/psyq/lib\libapi.a(a51.o)
                0x00000000800227a8                lseek
 .text          0x00000000800227b8       0x10 ../third_party/psyq/lib\libapi.a(a52.o)
                0x00000000800227b8                read
 .text          0x00000000800227c8       0x10 ../third_party/psyq/lib\libapi.a(a53.o)
                0x00000000800227c8                write
 .text          0x00000000800227d8       0x10 ../third_party/psyq/lib\libapi.a(a54.o)
                0x00000000800227d8                close
 .text          0x00000000800227e8       0x10 ../third_party/psyq/lib\libapi.a(a67.o)
                0x00000000800227e8                nextfile
 .text          0x00000000800227f8       0x10 ../third_party/psyq/lib\libapi.a(a91.o)
                0x00000000800227f8                ChangeClearPAD
 .text          0x0000000080022808       0x10 ../third_party/psyq/lib\libapi.a(c112.o)
                0x0000000080022808                _bu_init
 .text          0x0000000080022818       0x20 ../third_party/psyq/lib\libapi.a(c114.o)
                0x0000000080022820                _96_remove
 .text          0x0000000080022838       0x10 ../third_party/psyq/lib\libapi.a(c73.o)
                0x0000000080022838                GPU_cw
 .text          0x0000000080022848      0x2a0 ../third_party/psyq/lib\libapi.a(first.o)
                0x0000000080022848                firstfile
 .text          0x0000000080022ae8       0x10 ../third_party/psyq/lib\libapi.a(l02.o)
                0x0000000080022ae8                SysEnqIntRP
 .text          0x0000000080022af8       0x10 ../third_party/psyq/lib\libapi.a(l03.o)
                0x0000000080022af8                SysDeqIntRP
 .text          0x0000000080022b08       0x10 ../third_party/psyq/lib\libapi.a(l10.o)
                0x0000000080022b08                ChangeClearRCnt
 .text          0x0000000080022b18       0x10 ../third_party/psyq/lib\libapi.a(a66.o)
                0x0000000080022b18                firstfile2
 .text          0x0000000080022b28       0x20 ../third_party/psyq/lib\libc.a(a63.o)
                0x0000000080022b30                puts
 .text          0x0000000080022b48       0x10 ../third_party/psyq/lib\libc.a(c19.o)
                0x0000000080022b48                setjmp
 .text          0x0000000080022b58       0x10 ../third_party/psyq/lib\libc.a(c21.o)
                0x0000000080022b58                strcat
 .text          0x0000000080022b68       0x10 ../third_party/psyq/lib\libc.a(c23.o)
                0x0000000080022b68                strcmp
 .text          0x0000000080022b78       0x10 ../third_party/psyq/lib\libc.a(c24.o)
                0x0000000080022b78                strncmp
 .text          0x0000000080022b88       0x10 ../third_party/psyq/lib\libc.a(c26.o)
                0x0000000080022b88                strncpy
 .text          0x0000000080022b98       0x10 ../third_party/psyq/lib\libc.a(c27.o)
                0x0000000080022b98                strlen
 .text          0x0000000080022ba8       0x10 ../third_party/psyq/lib\libc.a(c40.o)
                0x0000000080022ba8                bzero
 .text          0x0000000080022bb8       0x10 ../third_party/psyq/lib\libc.a(c43.o)
                0x0000000080022bb8                memset
 .text          0x0000000080022bc8       0x10 ../third_party/psyq/lib\libc.a(c63.o)
                0x0000000080022bc8                printf
 .text          0x0000000080022bd8       0x10 ../third_party/psyq/lib\libcard.a(a78.o)
                0x0000000080022bd8                _card_write
 .text          0x0000000080022be8       0x10 ../third_party/psyq/lib\libcard.a(a79.o)
                0x0000000080022be8                _card_read
 .text          0x0000000080022bf8       0x10 ../third_party/psyq/lib\libcard.a(c171.o)
                0x0000000080022bf8                _card_info
 .text          0x0000000080022c08       0x10 ../third_party/psyq/lib\libcard.a(c172.o)
                0x0000000080022c08                _card_load
 .text          0x0000000080022c18       0x40 ../third_party/psyq/lib\libcard.a(card.o)
                0x0000000080022c18                _card_clear
 .text          0x0000000080022c58      0x100 ../third_party/psyq/lib\libcard.a(init.o)
                0x0000000080022c58                InitCARD
                0x0000000080022ce8                StartCARD
                0x0000000080022d30                StopCARD
 .text          0x0000000080022d58      0x220 ../third_party/psyq/lib\libcard.a(patch.o)
                0x0000000080022d58                _patch_card_info
                0x0000000080022e34                _patch_card
                0x0000000080022ec8                _patch_card2
                0x0000000080022f38                _copy_memcard_patch
 .text          0x0000000080022f78       0x10 ../third_party/psyq/lib\libcard.a(a74.o)
                0x0000000080022f78                InitCARD2
 .text          0x0000000080022f88       0x10 ../third_party/psyq/lib\libcard.a(a75.o)
                0x0000000080022f88                StartCARD2
 .text          0x0000000080022f98       0x10 ../third_party/psyq/lib\libcard.a(a76.o)
                0x0000000080022f98                StopCARD2
 .text          0x0000000080022fa8       0x10 ../third_party/psyq/lib\libcard.a(a80.o)
                0x0000000080022fa8                _new_card
 .text          0x0000000080022fb8       0x80 ../third_party/psyq/lib\libcard.a(end.o)
                0x0000000080022fb8                _ExitCard
 .text          0x0000000080023038       0x10 ../third_party/psyq/lib\libapi.a(c68.o)
                0x0000000080023038                FlushCache
 .text          0x0000000080023048      0x290 ../third_party/psyq/lib\libapi.a(pad.o)
                0x0000000080023048                SetInitPadFlag
                0x0000000080023054                ReadInitPadFlag
                0x0000000080023064                PAD_init
                0x00000000800230f4                InitPAD
                0x0000000080023184                StartPAD
 .text          0x00000000800232d8       0xa0 ../third_party/psyq/lib\libapi.a(patch.o)
                0x00000000800232d8                EnablePAD
                0x00000000800232ec                DisablePAD
                0x0000000080023300                _patch_pad
 .text          0x0000000080023378       0x10 ../third_party/psyq/lib\libapi.a(a18.o)
                0x0000000080023378                InitPAD2
 .text          0x0000000080023388       0x10 ../third_party/psyq/lib\libapi.a(a19.o)
                0x0000000080023388                StartPAD2
 .text          0x0000000080023398       0x10 ../third_party/psyq/lib\libapi.a(a21.o)
                0x0000000080023398                PAD_init2
 .text          0x00000000800233a8       0x70 ../third_party/psyq/lib\libapi.a(chclrpad.o)
                0x00000000800233a8                _remove_ChgclrPAD
                0x0000000080023420                . = ALIGN (0x10)
 *fill*         0x0000000080023418        0x8 
 *(.init)
                0x0000000080023420                . = ALIGN (0x10)
 *(.fini)
                0x0000000080023420                . = ALIGN (0x10)
                0x0000000080023420                __text_end = .
                0x0000000080023420                __ftext_end = ABSOLUTE (.)
                0x0000000080023420                __fdata_start = ABSOLUTE (.)

.rodata         0x0000000080023420      0xd00
 *(.rodata .rodata.* .rdata .rdata.* .gnu.linkonce.r.*)
 .rodata.str1.4
                0x0000000080023420       0x3c game.o
 .rodata.str1.4
                0x000000008002345c       0x5d memcard.o
 *fill*         0x00000000800234b9        0x3 
 .rodata        0x00000000800234bc       0xf0 controller.o
 .rodata        0x00000000800235ac       0x10 ../third_party/common/crt0/crt0.o
 *fill*         0x00000000800235bc        0x4 
 .rdata         0x00000000800235c0       0x50 ../third_party/psyq/lib\libcd.a(cdr_1.o)
 .rdata         0x0000000080023610       0x20 ../third_party/psyq/lib\libcd.a(event.o)
 .rdata         0x0000000080023630      0x1f0 ../third_party/psyq/lib\libcd.a(iso9660.o)
 .rdata         0x0000000080023820      0x260 ../third_party/psyq/lib\libcd.a(bios_1.o)
 .rdata         0x0000000080023a80       0x70 ../third_party/psyq/lib\libetc.a(intr.o)
 .rdata         0x0000000080023af0       0x30 ../third_party/psyq/lib\libetc.a(intr_dma.o)
 .rdata         0x0000000080023b20       0x10 ../third_party/psyq/lib\libetc.a(vsync.o)
 .rdata         0x0000000080023b30       0xa0 ../third_party/psyq/lib\libgpu.a(font.o)
 .rdata         0x0000000080023bd0      0x220 ../third_party/psyq/lib\libgpu.a(sys.o)
 .rdata         0x0000000080023df0       0x30 ../third_party/psyq/lib\libgpu.a(t00.o)
 .rdata         0x0000000080023e20      0x1d0 ../third_party/psyq/lib\libmcrd.a(libmcrd.o)
 .rdata         0x0000000080023ff0       0x10 ../third_party/psyq/lib\libmcrd.a(low.o)
 .rdata         0x0000000080024000       0x20 ../third_party/psyq/lib\libmcrd.a(userfunc.o)
 .rdata         0x0000000080024020       0x40 ../third_party/psyq/lib\libspu.a(s_sca.o)
 .rdata         0x0000000080024060       0x30 ../third_party/psyq/lib\libspu.a(s_si.o)
 .rdata         0x0000000080024090       0x40 ../third_party/psyq/lib\libspu.a(s_sva.o)
 .rdata         0x00000000800240d0       0x50 ../third_party/psyq/lib\libspu.a(spu.o)
                0x0000000080024120                . = ALIGN (0x10)
                0x0000000080024120                __preinit_array_start = .
 *(.preinit_array)
                0x0000000080024120                __preinit_array_end = .
                0x0000000080024120                . = ALIGN (0x10)
                0x0000000080024120                __init_array_start = .
 *(SORT_BY_NAME(.init_array.*))
 *(.init_array)
                0x0000000080024120                . = ALIGN (0x10)
 *crtbegin.o(.ctors)
 *(EXCLUDE_FILE(*crtend.o) .ctors)
 *(SORT_BY_NAME(.ctors.*))
 *crtend.o(.ctors)
                0x0000000080024120                __init_array_end = .
                0x0000000080024120                . = ALIGN (0x10)
                0x0000000080024120                __fini_array_start = .
 *(.fini_array)
 *(SORT_BY_NAME(.fini_array.*))
 *crtbegin.o(.dtors)
 *(EXCLUDE_FILE(*crtend.o) .dtors)
 *(SORT_BY_NAME(.dtors.*))
 *crtend.o(.dtors)
                0x0000000080024120                __fini_array_end = .
                0x0000000080024120                __build_id = .
 *(.note.gnu.build-id)
                0x0000000080024120                __build_id_end = .

.rel.dyn        0x0000000080024120        0x0
 .rel.dyn       0x0000000080024120        0x0 ../third_party/psyq/lib\libgpu.a(sys.o)

.rodata1
 *(.rodata1)
                0x0000000080024120                __data_start = .

.data           0x0000000080024120     0x26e0
 *(.a0table)
 *(.data .data.* .gnu.linkonce.d.*)
 .data          0x0000000080024120       0x40 ../third_party/psyq/lib\libcd.a(cdr_1.o)
 .data          0x0000000080024160       0x10 ../third_party/psyq/lib\libcd.a(event.o)
                0x0000000080024160                CD_cbread
                0x0000000080024164                CD_read_dma_mode
 .data          0x0000000080024170       0x10 ../third_party/psyq/lib\libcd.a(iso9660.o)
 .data          0x0000000080024180       0x80 ../third_party/psyq/lib\libcd.a(s_016.o)
 .data          0x0000000080024200      0x310 ../third_party/psyq/lib\libcd.a(bios_1.o)
                0x0000000080024208                CD_cbsync
                0x000000008002420c                CD_cbready
                0x0000000080024210                CD_debug
                0x0000000080024214                CD_status
                0x0000000080024218                CD_status1
                0x000000008002421c                CD_nopen
                0x0000000080024220                CD_pos
                0x0000000080024224                CD_mode
                0x0000000080024225                CD_com
                0x0000000080024228                DS_active
                0x000000008002422c                CD_comstr
                0x00000000800242ac                CD_intstr
 .data          0x0000000080024510       0x20 ../third_party/psyq/lib\libcd.a(bios_2.o)
 .data          0x0000000080024530       0x20 ../third_party/psyq/lib\libcd.a(bios_3.o)
 .data          0x0000000080024550     0x1100 ../third_party/psyq/lib\libetc.a(intr.o)
 .data          0x0000000080025650       0x30 ../third_party/psyq/lib\libetc.a(intr_dma.o)
 .data          0x0000000080025680       0x30 ../third_party/psyq/lib\libetc.a(intr_vb.o)
                0x00000000800256a0                Vcount
 .data          0x00000000800256b0       0x10 ../third_party/psyq/lib\libetc.a(vmode.o)
 .data          0x00000000800256c0       0x20 ../third_party/psyq/lib\libetc.a(vsync.o)
                0x00000000800256d0                Hcount
 .data          0x00000000800256e0      0xb90 ../third_party/psyq/lib\libgpu.a(font.o)
                0x00000000800256e0                Font
 .data          0x0000000080026270      0x1a0 ../third_party/psyq/lib\libgpu.a(sys.o)
                0x00000000800262bc                GPU_printf
                0x00000000800262c0                GEnv
                0x00000000800263e8                _qin
                0x00000000800263ec                _qout
 .data          0x0000000080026410       0x20 ../third_party/psyq/lib\libmcrd.a(libmcrd.o)
 .data          0x0000000080026430       0x10 ../third_party/psyq/lib\libmcrd.a(userfunc.o)
 .data          0x0000000080026440       0x10 ../third_party/psyq/lib\libpad.a(pdmaiini.o)
 .data          0x0000000080026450       0xb0 ../third_party/psyq/lib\libpad.a(pdresres.o)
                0x0000000080026458                _padFuncNextPort
                0x000000008002645c                _padFuncClrInfo
                0x0000000080026460                _padFuncGetTxd
                0x0000000080026464                _padFuncCurrLimit
                0x0000000080026468                _padFuncPtr2Port
                0x000000008002646c                _padFuncPort2Info
                0x0000000080026470                _padFuncSendAuto
                0x0000000080026474                _padFuncChkEng
                0x0000000080026478                _padFuncRecvAuto
                0x000000008002647c                _padFuncClrCmdNo
                0x0000000080026480                _padFuncIntGun
                0x0000000080026484                _padFuncSetGunPort
                0x0000000080026488                _padFuncGetGunPos
                0x000000008002648c                _padInfoDir
                0x0000000080026490                _padIntExec
                0x0000000080026494                _padGunExec
                0x0000000080026498                _padSioChan
                0x000000008002649c                _padSioState
                0x00000000800264a0                _padTotalCurr
                0x00000000800264a4                _padModeMtap
                0x00000000800264a8                _padChanStart
                0x00000000800264ac                _padChanStop
                0x00000000800264b0                _padFixResult
                0x00000000800264b8                _padVsyncParam
                0x00000000800264c8                _padCalledIntPad
 .data          0x0000000080026500       0x10 ../third_party/psyq/lib\libpad.a(pdtapres.o)
                0x0000000080026500                _mtapLastResult
 .data          0x0000000080026510       0x80 ../third_party/psyq/lib\libspu.a(s_ini.o)
                0x0000000080026518                _spu_EVdma
                0x000000008002651c                _spu_keystat
                0x0000000080026520                _spu_trans_mode
                0x0000000080026524                _spu_rev_flag
                0x0000000080026528                _spu_rev_reserve_wa
                0x000000008002652c                _spu_rev_offsetaddr
                0x0000000080026530                _spu_rev_attr
                0x0000000080026544                _spu_RQvoice
                0x0000000080026548                _spu_RQmask
                0x000000008002654c                _spu_voice_centerNote
                0x000000008002657c                _spu_env
                0x0000000080026580                _spu_isCalled
 .data          0x0000000080026590       0x10 ../third_party/psyq/lib\libspu.a(s_m.o)
                0x0000000080026590                _spu_AllocBlockNum
                0x0000000080026594                _spu_AllocLastNum
                0x0000000080026598                _spu_memList
 .data          0x00000000800265a0       0x30 ../third_party/psyq/lib\libspu.a(s_rmp0.o)
                0x00000000800265a0                _spu_rev_startaddr
 .data          0x00000000800265d0       0x60 ../third_party/psyq/lib\libspu.a(spu.o)
                0x00000000800265d0                _spu_RXX
                0x00000000800265e8                _spu_tsa
                0x00000000800265ec                _spu_transMode
                0x00000000800265f0                _spu_addrMode
                0x00000000800265f4                _spu_mem_mode
                0x00000000800265f8                _spu_mem_mode_plus
                0x00000000800265fc                _spu_mem_mode_unit
                0x0000000080026600                _spu_mem_mode_unitM
                0x0000000080026604                _spu_inTransfer
                0x0000000080026608                _spu_transferCallback
                0x000000008002660c                _spu_IRQCallback
 .data          0x0000000080026630      0x120 ../third_party/psyq/lib\libspu.a(s_n2p.o)
 .data          0x0000000080026750       0x10 ../third_party/psyq/lib\libapi.a(pad.o)
 *(.data1)
 *(.sdata .sdata.* .gnu.linkonce.s.*)
 *(.sdata2 .sdata2.* .gnu.linkonce.s2.*)
 *(.got.plt)
 *(.got)
                0x0000000080026800                . = ALIGN (0x800)
 *fill*         0x0000000080026760       0xa0 
                0x0000000080026800                __data_end = .
                0x0000000080026800                __fdata_end = .
                0x0000000080026800                __bss_start = .

.sbss           0x0000000080026800    0x48f28
 *(.dynsbss)
 *(.sbss .sbss.* .gnu.linkonce.sb.*)
 *(.scommon)
 *(.dynbss)
 *(.bss .bss.* .gnu.linkonce.b.*)
 .bss           0x0000000080026800    0x40000 main.o
 .bss           0x0000000080066800     0x2400 ../third_party/psyq/lib\libcd.a(iso9660.o)
 .bss           0x0000000080068c00       0x34 ../third_party/psyq/lib\libcd.a(bios_1.o)
                0x0000000080068c30                StMode
 *fill*         0x0000000080068c34        0x4 
 .bss           0x0000000080068c38     0x4410 ../third_party/psyq/lib\libgpu.a(font.o)
 .bss           0x000000008006d048     0x1850 ../third_party/psyq/lib\libgpu.a(sys.o)
                0x000000008006d098                _que
 .bss           0x000000008006e898       0x10 ../third_party/psyq/lib\libgpu.a(t00.o)
 .bss           0x000000008006e8a8       0x90 ../third_party/psyq/lib\libmcrd.a(libmcrd.o)
 .bss           0x000000008006e938      0x2c0 ../third_party/psyq/lib\libmcrd.a(low.o)
 .bss           0x000000008006ebf8       0x50 ../third_party/psyq/lib\libmcrd.a(userfunc.o)
 .bss           0x000000008006ec48       0x40 ../third_party/psyq/lib\libmcrd.a(bios.o)
 .bss           0x000000008006ec88       0x18 ../third_party/psyq/lib\libpad.a(pdresres.o)
                0x000000008006ec98                _padRestPeriod
 .bss           0x000000008006eca0      0x9f0 ../third_party/psyq/lib\libpad.a(pdtapres.o)
 .bss           0x000000008006f690       0x14 ../third_party/psyq/lib\libspu.a(spu.o)
                0x000000008006f690                _spu_RQ
 *fill*         0x000000008006f6a4        0x4 
 .bss           0x000000008006f6a8       0x30 ../third_party/psyq/lib\libapi.a(first.o)
 .bss           0x000000008006f6d8       0x10 ../third_party/psyq/lib\libcard.a(patch.o)
 .bss           0x000000008006f6e8       0x10 ../third_party/psyq/lib\libcard.a(end.o)
 .bss           0x000000008006f6f8       0x10 ../third_party/psyq/lib\libapi.a(pad.o)
                0x000000008006f6f8                _apiPadPatch
 .bss           0x000000008006f708       0x10 ../third_party/psyq/lib\libapi.a(patch.o)
 .bss           0x000000008006f718       0x10 ../third_party/psyq/lib\libapi.a(chclrpad.o)
 *(COMMON)
                0x000000008006f728                . = ALIGN (0x4)
                0x000000008006f728                __bss_end = .
                0x000000008006f728                __heap_start = __heap_base
                0x000000008000f800                . = (ADDR (.text) - 0x800)
                0x000000008000f800                __end = .

/DISCARD/
 *(.MIPS.abiflags)

/DISCARD/
 *(.rel.iplt)
 *(.rela.iplt)
 *(.rel.plt)
 *(.rela.plt)
 *(.plt)
 *(.iplt)

/DISCARD/
 *(.note.GNU-stack)
 *(.gnu_debuglink)
 *(.gnu.lto_*)

.scratchpad
 *(.scratchpad)
OUTPUT(eu/HelloWorldCpp.elf elf32-littlemips)

.reginfo        0x0000000000000000       0x18
 .reginfo       0x0000000000000000       0x18 main.o

.mdebug.abi32   0x0000000000000000        0x0
 .mdebug.abi32  0x0000000000000000        0x0 main.o
 .mdebug.abi32  0x0000000000000000        0x0 game.o
 .mdebug.abi32  0x0000000000000000        0x0 graph.o
 .mdebug.abi32  0x0000000000000000        0x0 cdrom.o
 .mdebug.abi32  0x0000000000000000        0x0 sound.o
 .mdebug.abi32  0x0000000000000000        0x0 memcard.o
 .mdebug.abi32  0x0000000000000000        0x0 controller.o
 .mdebug.abi32  0x0000000000000000        0x0 player.o
 .mdebug.abi32  0x0000000000000000        0x0 region_eu.o

.comment        0x0000000000000000       0x12
 .comment       0x0000000000000000       0x12 main.o
                                         0x13 (size before relaxing)
 .comment       0x0000000000000012       0x13 game.o
 .comment       0x0000000000000012       0x13 graph.o
 .comment       0x0000000000000012       0x13 cdrom.o
 .comment       0x0000000000000012       0x13 sound.o
 .comment       0x0000000000000012       0x13 memcard.o
 .comment       0x0000000000000012       0x13 controller.o
 .comment       0x0000000000000012       0x13 player.o
 .comment       0x0000000000000012       0x13 region_eu.o

.gnu.attributes
                0x0000000000000000       0x10
 .gnu.attributes
                0x0000000000000000       0x10 main.o
 .gnu.attributes
                0x0000000000000010       0x10 game.o
 .gnu.attributes
                0x0000000000000020       0x10 graph.o
 .gnu.attributes
                0x0000000000000030       0x10 cdrom.o
 .gnu.attributes
                0x0000000000000040       0x10 sound.o
 .gnu.attributes
                0x0000000000000050       0x10 memcard.o
 .gnu.attributes
                0x0000000000000060       0x10 controller.o
 .gnu.attributes
                0x0000000000000070       0x10 player.o
 .gnu.attributes
                0x0000000000000080       0x10 region_eu.o
 .gnu.attributes
                0x0000000000000090       0x10 ../third_party/common/crt0/crt0.o

.pdr            0x0000000000000000        0x0
 .pdr           0x0000000000000000        0x0 ../third_party/common/crt0/crt0.o

.note           0x0000000000000000     0x3a74
 .note          0x0000000000000000       0x74 ../third_party/psyq/lib\libapi.a(c57.o)
 .note          0x0000000000000074       0x74 ../third_party/psyq/lib\libc.a(c25.o)
 .note          0x00000000000000e8       0x74 ../third_party/psyq/lib\libc.a(c42.o)
 .note          0x000000000000015c       0x74 ../third_party/psyq/lib\libc.a(c51.o)
 .note          0x00000000000001d0       0x74 ../third_party/psyq/lib\libc.a(c52.o)
 .note          0x0000000000000244       0x74 ../third_party/psyq/lib\libcd.a(cdr_1.o)
 .note          0x00000000000002b8       0x74 ../third_party/psyq/lib\libcd.a(event.o)
 .note          0x000000000000032c       0x74 ../third_party/psyq/lib\libcd.a(iso9660.o)
 .note          0x00000000000003a0       0x74 ../third_party/psyq/lib\libcd.a(s_002.o)
 .note          0x0000000000000414       0x74 ../third_party/psyq/lib\libcd.a(s_003.o)
 .note          0x0000000000000488       0x74 ../third_party/psyq/lib\libcd.a(s_004.o)
 .note          0x00000000000004fc       0x74 ../third_party/psyq/lib\libcd.a(s_006.o)
 .note          0x0000000000000570       0x74 ../third_party/psyq/lib\libcd.a(s_008.o)
 .note          0x00000000000005e4       0x74 ../third_party/psyq/lib\libcd.a(s_013.o)
 .note          0x0000000000000658       0x74 ../third_party/psyq/lib\libcd.a(s_014.o)
 .note          0x00000000000006cc       0x74 ../third_party/psyq/lib\libcd.a(s_015.o)
 .note          0x0000000000000740       0x74 ../third_party/psyq/lib\libcd.a(s_016.o)
 .note          0x00000000000007b4       0x74 ../third_party/psyq/lib\libcd.a(s_021.o)
 .note          0x0000000000000828       0x74 ../third_party/psyq/lib\libcd.a(s_022.o)
 .note          0x000000000000089c       0x74 ../third_party/psyq/lib\libcd.a(s_023.o)
 .note          0x0000000000000910       0x74 ../third_party/psyq/lib\libcd.a(s_024.o)
 .note          0x0000000000000984       0x74 ../third_party/psyq/lib\libcd.a(sys.o)
 .note          0x00000000000009f8       0x74 ../third_party/psyq/lib\libcd.a(bios_1.o)
 .note          0x0000000000000a6c       0x74 ../third_party/psyq/lib\libcd.a(bios_2.o)
 .note          0x0000000000000ae0       0x74 ../third_party/psyq/lib\libcd.a(bios_3.o)
 .note          0x0000000000000b54       0x74 ../third_party/psyq/lib\libetc.a(intr.o)
 .note          0x0000000000000bc8       0x74 ../third_party/psyq/lib\libetc.a(intr_dma.o)
 .note          0x0000000000000c3c       0x74 ../third_party/psyq/lib\libetc.a(intr_vb.o)
 .note          0x0000000000000cb0       0x74 ../third_party/psyq/lib\libetc.a(vmode.o)
 .note          0x0000000000000d24       0x74 ../third_party/psyq/lib\libetc.a(vsync.o)
 .note          0x0000000000000d98       0x74 ../third_party/psyq/lib\libgpu.a(e03.o)
 .note          0x0000000000000e0c       0x74 ../third_party/psyq/lib\libgpu.a(e04.o)
 .note          0x0000000000000e80       0x74 ../third_party/psyq/lib\libgpu.a(font.o)
 .note          0x0000000000000ef4       0x74 ../third_party/psyq/lib\libgpu.a(p06.o)
 .note          0x0000000000000f68       0x74 ../third_party/psyq/lib\libgpu.a(p09.o)
 .note          0x0000000000000fdc       0x74 ../third_party/psyq/lib\libgpu.a(p10.o)
 .note          0x0000000000001050       0x74 ../third_party/psyq/lib\libgpu.a(p20.o)
 .note          0x00000000000010c4       0x74 ../third_party/psyq/lib\libgpu.a(p26.o)
 .note          0x0000000000001138       0x74 ../third_party/psyq/lib\libgpu.a(p41.o)
 .note          0x00000000000011ac       0x74 ../third_party/psyq/lib\libgpu.a(sys.o)
 .note          0x0000000000001220       0x74 ../third_party/psyq/lib\libgpu.a(t00.o)
 .note          0x0000000000001294       0x74 ../third_party/psyq/lib\libgpu.a(e00.o)
 .note          0x0000000000001308       0x74 ../third_party/psyq/lib\libgpu.a(e02.o)
 .note          0x000000000000137c       0x74 ../third_party/psyq/lib\libgpu.a(p00.o)
 .note          0x00000000000013f0       0x74 ../third_party/psyq/lib\libgpu.a(p01.o)
 .note          0x0000000000001464       0x74 ../third_party/psyq/lib\libmcrd.a(init.o)
 .note          0x00000000000014d8       0x74 ../third_party/psyq/lib\libmcrd.a(libmcrd.o)
 .note          0x000000000000154c       0x74 ../third_party/psyq/lib\libmcrd.a(low.o)
 .note          0x00000000000015c0       0x74 ../third_party/psyq/lib\libmcrd.a(userfunc.o)
 .note          0x0000000000001634       0x74 ../third_party/psyq/lib\libmcrd.a(bios.o)
 .note          0x00000000000016a8       0x74 ../third_party/psyq/lib\libpad.a(pdcmd1.o)
 .note          0x000000000000171c       0x74 ../third_party/psyq/lib\libpad.a(pdcmd2.o)
 .note          0x0000000000001790       0x74 ../third_party/psyq/lib\libpad.a(pdent2.o)
 .note          0x0000000000001804       0x74 ../third_party/psyq/lib\libpad.a(pdmaiini.o)
 .note          0x0000000000001878       0x74 ../third_party/psyq/lib\libpad.a(pdresres.o)
 .note          0x00000000000018ec       0x74 ../third_party/psyq/lib\libpad.a(pdtapini.o)
 .note          0x0000000000001960       0x74 ../third_party/psyq/lib\libpad.a(pdtapres.o)
 .note          0x00000000000019d4       0x74 ../third_party/psyq/lib\libspu.a(s_i.o)
 .note          0x0000000000001a48       0x74 ../third_party/psyq/lib\libspu.a(s_ini.o)
 .note          0x0000000000001abc       0x74 ../third_party/psyq/lib\libspu.a(s_itc.o)
 .note          0x0000000000001b30       0x74 ../third_party/psyq/lib\libspu.a(s_m.o)
 .note          0x0000000000001ba4       0x74 ../third_party/psyq/lib\libspu.a(s_m_init.o)
 .note          0x0000000000001c18       0x74 ../third_party/psyq/lib\libspu.a(s_m_m.o)
 .note          0x0000000000001c8c       0x74 ../third_party/psyq/lib\libspu.a(s_rmp0.o)
 .note          0x0000000000001d00       0x74 ../third_party/psyq/lib\libspu.a(s_sca.o)
 .note          0x0000000000001d74       0x74 ../third_party/psyq/lib\libspu.a(s_si.o)
 .note          0x0000000000001de8       0x74 ../third_party/psyq/lib\libspu.a(s_sk.o)
 .note          0x0000000000001e5c       0x74 ../third_party/psyq/lib\libspu.a(s_stm.o)
 .note          0x0000000000001ed0       0x74 ../third_party/psyq/lib\libspu.a(s_stsa.o)
 .note          0x0000000000001f44       0x74 ../third_party/psyq/lib\libspu.a(s_sva.o)
 .note          0x0000000000001fb8       0x74 ../third_party/psyq/lib\libspu.a(s_w.o)
 .note          0x000000000000202c       0x74 ../third_party/psyq/lib\libspu.a(spu.o)
 .note          0x00000000000020a0       0x74 ../third_party/psyq/lib\libspu.a(s_dcb.o)
 .note          0x0000000000002114       0x74 ../third_party/psyq/lib\libspu.a(s_m_int.o)
 .note          0x0000000000002188       0x74 ../third_party/psyq/lib\libspu.a(s_n2p.o)
 .note          0x00000000000021fc       0x74 ../third_party/psyq/lib\libapi.a(a07.o)
 .note          0x0000000000002270       0x74 ../third_party/psyq/lib\libapi.a(a08.o)
 .note          0x00000000000022e4       0x74 ../third_party/psyq/lib\libapi.a(a09.o)
 .note          0x0000000000002358       0x74 ../third_party/psyq/lib\libapi.a(a11.o)
 .note          0x00000000000023cc       0x74 ../third_party/psyq/lib\libapi.a(a12.o)
 .note          0x0000000000002440       0x74 ../third_party/psyq/lib\libapi.a(a23.o)
 .note          0x00000000000024b4       0x74 ../third_party/psyq/lib\libapi.a(a24.o)
 .note          0x0000000000002528       0x74 ../third_party/psyq/lib\libapi.a(a25.o)
 .note          0x000000000000259c       0x74 ../third_party/psyq/lib\libapi.a(a36.o)
 .note          0x0000000000002610       0x74 ../third_party/psyq/lib\libapi.a(a37.o)
 .note          0x0000000000002684       0x74 ../third_party/psyq/lib\libapi.a(a50.o)
 .note          0x00000000000026f8       0x74 ../third_party/psyq/lib\libapi.a(a51.o)
 .note          0x000000000000276c       0x74 ../third_party/psyq/lib\libapi.a(a52.o)
 .note          0x00000000000027e0       0x74 ../third_party/psyq/lib\libapi.a(a53.o)
 .note          0x0000000000002854       0x74 ../third_party/psyq/lib\libapi.a(a54.o)
 .note          0x00000000000028c8       0x74 ../third_party/psyq/lib\libapi.a(a67.o)
 .note          0x000000000000293c       0x74 ../third_party/psyq/lib\libapi.a(a91.o)
 .note          0x00000000000029b0       0x74 ../third_party/psyq/lib\libapi.a(c112.o)
 .note          0x0000000000002a24       0x74 ../third_party/psyq/lib\libapi.a(c114.o)
 .note          0x0000000000002a98       0x74 ../third_party/psyq/lib\libapi.a(c73.o)
 .note          0x0000000000002b0c       0x74 ../third_party/psyq/lib\libapi.a(first.o)
 .note          0x0000000000002b80       0x74 ../third_party/psyq/lib\libapi.a(l02.o)
 .note          0x0000000000002bf4       0x74 ../third_party/psyq/lib\libapi.a(l03.o)
 .note          0x0000000000002c68       0x74 ../third_party/psyq/lib\libapi.a(l10.o)
 .note          0x0000000000002cdc       0x74 ../third_party/psyq/lib\libapi.a(a66.o)
 .note          0x0000000000002d50       0x74 ../third_party/psyq/lib\libc.a(a63.o)
 .note          0x0000000000002dc4       0x74 ../third_party/psyq/lib\libc.a(c19.o)
 .note          0x0000000000002e38       0x74 ../third_party/psyq/lib\libc.a(c21.o)
 .note          0x0000000000002eac       0x74 ../third_party/psyq/lib\libc.a(c23.o)
 .note          0x0000000000002f20       0x74 ../third_party/psyq/lib\libc.a(c24.o)
 .note          0x0000000000002f94       0x74 ../third_party/psyq/lib\libc.a(c26.o)
 .note          0x0000000000003008       0x74 ../third_party/psyq/lib\libc.a(c27.o)
 .note          0x000000000000307c       0x74 ../third_party/psyq/lib\libc.a(c40.o)
 .note          0x00000000000030f0       0x74 ../third_party/psyq/lib\libc.a(c43.o)
 .note          0x0000000000003164       0x74 ../third_party/psyq/lib\libc.a(c63.o)
 .note          0x00000000000031d8       0x74 ../third_party/psyq/lib\libcard.a(a78.o)
 .note          0x000000000000324c       0x74 ../third_party/psyq/lib\libcard.a(a79.o)
 .note          0x00000000000032c0       0x74 ../third_party/psyq/lib\libcard.a(c171.o)
 .note          0x0000000000003334       0x74 ../third_party/psyq/lib\libcard.a(c172.o)
 .note          0x00000000000033a8       0x74 ../third_party/psyq/lib\libcard.a(card.o)
 .note          0x000000000000341c       0x74 ../third_party/psyq/lib\libcard.a(init.o)
 .note          0x0000000000003490       0x74 ../third_party/psyq/lib\libcard.a(patch.o)
 .note          0x0000000000003504       0x74 ../third_party/psyq/lib\libcard.a(a74.o)
 .note          0x0000000000003578       0x74 ../third_party/psyq/lib\libcard.a(a75.o)
 .note          0x00000000000035ec       0x74 ../third_party/psyq/lib\libcard.a(a76.o)
 .note          0x0000000000003660       0x74 ../third_party/psyq/lib\libcard.a(a80.o)
 .note          0x00000000000036d4       0x74 ../third_party/psyq/lib\libcard.a(end.o)
 .note          0x0000000000003748       0x74 ../third_party/psyq/lib\libapi.a(c68.o)
 .note          0x00000000000037bc       0x74 ../third_party/psyq/lib\libapi.a(pad.o)
 .note          0x0000000000003830       0x74 ../third_party/psyq/lib\libapi.a(patch.o)
 .note          0x00000000000038a4       0x74 ../third_party/psyq/lib\libapi.a(a18.o)
 .note          0x0000000000003918       0x74 ../third_party/psyq/lib\libapi.a(a19.o)
 .note          0x000000000000398c       0x74 ../third_party/psyq/lib\libapi.a(a21.o)
 .note          0x0000000000003a00       0x74 ../third_party/psyq/lib\libapi.a(chclrpad.o)

.debug_info     0x0000000000000000     0x556a
 .debug_info    0x0000000000000000      0xd21 main.o
 .debug_info    0x0000000000000d21     0x1c0e game.o
 .debug_info    0x000000000000292f      0x92b graph.o
 .debug_info    0x000000000000325a      0x469 cdrom.o
 .debug_info    0x00000000000036c3      0x8c0 sound.o
 .debug_info    0x0000000000003f83      0xb88 memcard.o
 .debug_info    0x0000000000004b0b      0x5d4 controller.o
 .debug_info    0x00000000000050df      0x35d player.o
 .debug_info    0x000000000000543c      0x10a region_eu.o
 .debug_info    0x0000000000005546       0x24 ../third_party/common/crt0/crt0.o

.debug_abbrev   0x0000000000000000     0x14f1
 .debug_abbrev  0x0000000000000000      0x28b main.o
 .debug_abbrev  0x000000000000028b      0x37f game.o
 .debug_abbrev  0x000000000000060a      0x26a graph.o
 .debug_abbrev  0x0000000000000874      0x22d cdrom.o
 .debug_abbrev  0x0000000000000aa1      0x29a sound.o
 .debug_abbrev  0x0000000000000d3b      0x288 memcard.o
 .debug_abbrev  0x0000000000000fc3      0x264 controller.o
 .debug_abbrev  0x0000000000001227      0x1ec player.o
 .debug_abbrev  0x0000000000001413       0xca region_eu.o
 .debug_abbrev  0x00000000000014dd       0x14 ../third_party/common/crt0/crt0.o

.debug_aranges  0x0000000000000000      0x258
 .debug_aranges
                0x0000000000000000       0x20 main.o
 .debug_aranges
                0x0000000000000020       0x40 game.o
 .debug_aranges
                0x0000000000000060       0x50 graph.o
 .debug_aranges
                0x00000000000000b0       0x40 cdrom.o
 .debug_aranges
                0x00000000000000f0       0x50 sound.o
 .debug_aranges
                0x0000000000000140       0x48 memcard.o
 .debug_aranges
                0x0000000000000188       0x58 controller.o
 .debug_aranges
                0x00000000000001e0       0x30 player.o
 .debug_aranges
                0x0000000000000210       0x28 region_eu.o
 .debug_aranges
                0x0000000000000238       0x20 ../third_party/common/crt0/crt0.o

.debug_rnglists
                0x0000000000000000      0x2d0
 .debug_rnglists
                0x0000000000000000       0x13 main.o
 .debug_rnglists
                0x0000000000000013      0x172 game.o
 .debug_rnglists
                0x0000000000000185       0x3a graph.o
 .debug_rnglists
                0x00000000000001bf       0x2b cdrom.o
 .debug_rnglists
                0x00000000000001ea       0x38 sound.o
 .debug_rnglists
                0x0000000000000222       0x33 memcard.o
 .debug_rnglists
                0x0000000000000255       0x42 controller.o
 .debug_rnglists
                0x0000000000000297       0x20 player.o
 .debug_rnglists
                0x00000000000002b7       0x19 region_eu.o

.debug_line     0x0000000000000000     0x1e34
 .debug_line    0x0000000000000000      0x148 main.o
 .debug_line    0x0000000000000148      0xba1 game.o
 .debug_line    0x0000000000000ce9      0x353 graph.o
 .debug_line    0x000000000000103c      0x15b cdrom.o
 .debug_line    0x0000000000001197      0x264 sound.o
 .debug_line    0x00000000000013fb      0x4f4 memcard.o
 .debug_line    0x00000000000018ef      0x386 controller.o
 .debug_line    0x0000000000001c75      0x101 player.o
 .debug_line    0x0000000000001d76       0x63 region_eu.o
 .debug_line    0x0000000000001dd9       0x5b ../third_party/common/crt0/crt0.o

.debug_str      0x0000000000000000     0x10ea
 .debug_str     0x0000000000000000      0x992 main.o
                                        0xa59 (size before relaxing)
 .debug_str     0x0000000000000992      0x16e game.o
                                        0xb99 (size before relaxing)
 .debug_str     0x0000000000000b00       0xe3 graph.o
                                        0x469 (size before relaxing)
 .debug_str     0x0000000000000be3       0xa8 cdrom.o
                                        0x337 (size before relaxing)
 .debug_str     0x0000000000000c8b      0x216 sound.o
                                        0x579 (size before relaxing)
 .debug_str     0x0000000000000ea1       0xfe memcard.o
                                        0x466 (size before relaxing)
 .debug_str     0x0000000000000f9f       0x8e controller.o
                                        0x400 (size before relaxing)
 .debug_str     0x000000000000102d       0x45 player.o
                                        0x277 (size before relaxing)
 .debug_str     0x0000000000001072       0x36 region_eu.o
                                        0x1c8 (size before relaxing)
 .debug_str     0x00000000000010a8       0x42 ../third_party/common/crt0/crt0.o

.debug_frame    0x0000000000000000      0x52c
 .debug_frame   0x0000000000000000       0x2c main.o
 .debug_frame   0x000000000000002c       0xf0 game.o
 .debug_frame   0x000000000000011c       0xcc graph.o
 .debug_frame   0x00000000000001e8       0x7c cdrom.o
 .debug_frame   0x0000000000000264       0xdc sound.o
 .debug_frame   0x0000000000000340       0xc0 memcard.o
 .debug_frame   0x0000000000000400       0xbc controller.o
 .debug_frame   0x00000000000004bc       0x40 player.o
 .debug_frame   0x00000000000004fc       0x30 region_eu.o

.debug_loclists
                0x0000000000000000      0xbb6
 .debug_loclists
                0x0000000000000000      0x2df game.o
 .debug_loclists
                0x00000000000002df       0xb6 graph.o
 .debug_loclists
                0x0000000000000395       0x7c cdrom.o
 .debug_loclists
                0x0000000000000411      0x194 sound.o
 .debug_loclists
                0x00000000000005a5      0x27b memcard.o
 .debug_loclists
                0x0000000000000820      0x31c controller.o
 .debug_loclists
                0x0000000000000b3c       0x7a player.o

.debug_line_str
                0x0000000000000000       0x36
 .debug_line_str
                0x0000000000000000       0x36 ../third_party/common/crt0/crt0.o
                                         0x3d (size before relaxing)
