Archive member included to satisfy reference by file (symbol)

../third_party/psyq/lib\libapi.a(c57.o)
                              main.o (InitHeap)
../third_party/psyq/lib\libc.a(c42.o)
                              game.o (memcpy)
../third_party/psyq/lib\libc.a(c51.o)
                              cdrom.o (malloc)
../third_party/psyq/lib\libc.a(c52.o)
                              game.o (free)
../third_party/psyq/lib\libcd.a(cdr_1.o)
                              cdrom.o (CdReadSync)
../third_party/psyq/lib\libcd.a(event.o)
                              cdrom.o (CdInit)
../third_party/psyq/lib\libcd.a(iso9660.o)
                              cdrom.o (CdSearchFile)
../third_party/psyq/lib\libcd.a(s_002.o)
                              ../third_party/psyq/lib\libcd.a(iso9660.o) (CdIntToPos)
../third_party/psyq/lib\libcd.a(s_003.o)
                              ../third_party/psyq/lib\libcd.a(cdr_1.o) (CdStatus)
../third_party/psyq/lib\libcd.a(s_004.o)
                              ../third_party/psyq/lib\libcd.a(cdr_1.o) (CdMode)
../third_party/psyq/lib\libcd.a(s_006.o)
                              ../third_party/psyq/lib\libcd.a(cdr_1.o) (CdLastPos)
../third_party/psyq/lib\libcd.a(s_008.o)
                              ../third_party/psyq/lib\libcd.a(cdr_1.o) (CdFlush)
../third_party/psyq/lib\libcd.a(s_013.o)
                              ../third_party/psyq/lib\libcd.a(cdr_1.o) (CdReady)
../third_party/psyq/lib\libcd.a(s_014.o)
                              ../third_party/psyq/lib\libcd.a(cdr_1.o) (CdSyncCallback)
../third_party/psyq/lib\libcd.a(s_015.o)
                              ../third_party/psyq/lib\libcd.a(cdr_1.o) (CdReadyCallback)
../third_party/psyq/lib\libcd.a(s_016.o)
                              cdrom.o (CdControl)
../third_party/psyq/lib\libcd.a(s_021.o)
                              ../third_party/psyq/lib\libcd.a(cdr_1.o) (CdGetSector)
../third_party/psyq/lib\libcd.a(s_022.o)
                              ../third_party/psyq/lib\libcd.a(cdr_1.o) (CdGetSector2)
../third_party/psyq/lib\libcd.a(s_023.o)
                              ../third_party/psyq/lib\libcd.a(cdr_1.o) (CdDataCallback)
../third_party/psyq/lib\libcd.a(s_024.o)
                              ../third_party/psyq/lib\libcd.a(cdr_1.o) (CdDataSync)
../third_party/psyq/lib\libcd.a(sys.o)
                              ../third_party/psyq/lib\libcd.a(cdr_1.o) (CdPosToInt)
../third_party/psyq/lib\libcd.a(bios_1.o)
                              ../third_party/psyq/lib\libcd.a(event.o) (CD_cbready)
../third_party/psyq/lib\libcd.a(bios_2.o)
                              ../third_party/psyq/lib\libcd.a(s_021.o) (CD_getsector)
../third_party/psyq/lib\libcd.a(bios_3.o)
                              ../third_party/psyq/lib\libcd.a(s_022.o) (CD_getsector2)
../third_party/psyq/lib\libetc.a(intr.o)
                              ../third_party/psyq/lib\libcd.a(s_023.o) (DMACallback)
../third_party/psyq/lib\libetc.a(intr_dma.o)
                              ../third_party/psyq/lib\libetc.a(intr.o) (startIntrDMA)
../third_party/psyq/lib\libetc.a(intr_vb.o)
                              ../third_party/psyq/lib\libetc.a(intr.o) (startIntrVSync)
../third_party/psyq/lib\libetc.a(vmode.o)
                              graph.o (SetVideoMode)
../third_party/psyq/lib\libetc.a(vsync.o)
                              graph.o (VSync)
../third_party/psyq/lib\libgpu.a(e03.o)
                              graph.o (SetDefDrawEnv)
../third_party/psyq/lib\libgpu.a(e04.o)
                              graph.o (SetDefDispEnv)
../third_party/psyq/lib\libgpu.a(font.o)
                              graph.o (FntOpen)
../third_party/psyq/lib\libgpu.a(p06.o)
                              ../third_party/psyq/lib\libgpu.a(font.o) (AddPrim)
../third_party/psyq/lib\libgpu.a(p09.o)
                              ../third_party/psyq/lib\libgpu.a(font.o) (TermPrim)
../third_party/psyq/lib\libgpu.a(p10.o)
                              ../third_party/psyq/lib\libgpu.a(font.o) (SetSemiTrans)
../third_party/psyq/lib\libgpu.a(p20.o)
                              ../third_party/psyq/lib\libgpu.a(font.o) (SetSprt8)
../third_party/psyq/lib\libgpu.a(p26.o)
                              ../third_party/psyq/lib\libgpu.a(font.o) (SetTile)
../third_party/psyq/lib\libgpu.a(p41.o)
                              ../third_party/psyq/lib\libgpu.a(font.o) (SetDrawMode)
../third_party/psyq/lib\libgpu.a(sys.o)
                              graph.o (LoadImage)
../third_party/psyq/lib\libgpu.a(t00.o)
                              graph.o (ReadTIM)
../third_party/psyq/lib\libgpu.a(e00.o)
                              ../third_party/psyq/lib\libgpu.a(font.o) (LoadTPage)
../third_party/psyq/lib\libgpu.a(e02.o)
                              ../third_party/psyq/lib\libgpu.a(font.o) (LoadClut2)
../third_party/psyq/lib\libgpu.a(p00.o)
                              ../third_party/psyq/lib\libgpu.a(e00.o) (GetTPage)
../third_party/psyq/lib\libgpu.a(p01.o)
                              ../third_party/psyq/lib\libgpu.a(e02.o) (GetClut)
../third_party/psyq/lib\libmcrd.a(init.o)
                              memcard.o (MemCardInit)
../third_party/psyq/lib\libmcrd.a(libmcrd.o)
                              memcard.o (MemCardClose)
../third_party/psyq/lib\libmcrd.a(low.o)
                              ../third_party/psyq/lib\libmcrd.a(libmcrd.o) (_card_create2)
../third_party/psyq/lib\libmcrd.a(userfunc.o)
                              ../third_party/psyq/lib\libmcrd.a(libmcrd.o) (UserFuncOpen)
../third_party/psyq/lib\libmcrd.a(bios.o)
                              ../third_party/psyq/lib\libmcrd.a(libmcrd.o) (_card_start)
../third_party/psyq/lib\libpad.a(pdcmd1.o)
                              controller.o (PadSetAct)
../third_party/psyq/lib\libpad.a(pdcmd2.o)
                              controller.o (PadSetActAlign)
../third_party/psyq/lib\libpad.a(pdent2.o)
                              controller.o (PadGetState)
../third_party/psyq/lib\libpad.a(pdmaiini.o)
                              controller.o (PadStartCom)
../third_party/psyq/lib\libpad.a(pdresres.o)
                              ../third_party/psyq/lib\libpad.a(pdcmd2.o) (_padSetCmd)
../third_party/psyq/lib\libpad.a(pdtapini.o)
                              controller.o (PadInitMtap)
../third_party/psyq/lib\libpad.a(pdtapres.o)
                              ../third_party/psyq/lib\libpad.a(pdtapini.o) (_padInitMtapPort)
../third_party/psyq/lib\libspu.a(s_i.o)
                              sound.o (SpuInit)
../third_party/psyq/lib\libspu.a(s_ini.o)
                              ../third_party/psyq/lib\libspu.a(s_i.o) (_SpuInit)
../third_party/psyq/lib\libspu.a(s_itc.o)
                              sound.o (SpuIsTransferCompleted)
../third_party/psyq/lib\libspu.a(s_m.o)
                              ../third_party/psyq/lib\libspu.a(s_ini.o) (_spu_memList)
../third_party/psyq/lib\libspu.a(s_m_init.o)
                              sound.o (SpuInitMalloc)
../third_party/psyq/lib\libspu.a(s_m_m.o)
                              sound.o (SpuMalloc)
../third_party/psyq/lib\libspu.a(s_rmp0.o)
                              ../third_party/psyq/lib\libspu.a(s_ini.o) (_spu_rev_startaddr)
../third_party/psyq/lib\libspu.a(s_sca.o)
                              sound.o (SpuSetCommonAttr)
../third_party/psyq/lib\libspu.a(s_si.o)
                              sound.o (SpuSetIRQ)
../third_party/psyq/lib\libspu.a(s_sk.o)
                              sound.o (SpuSetKey)
../third_party/psyq/lib\libspu.a(s_stm.o)
                              sound.o (SpuSetTransferMode)
../third_party/psyq/lib\libspu.a(s_stsa.o)
                              sound.o (SpuSetTransferStartAddr)
../third_party/psyq/lib\libspu.a(s_sva.o)
                              sound.o (SpuSetVoiceAttr)
../third_party/psyq/lib\libspu.a(s_w.o)
                              sound.o (SpuWrite)
../third_party/psyq/lib\libspu.a(spu.o)
                              ../third_party/psyq/lib\libspu.a(s_stsa.o) (_spu_FsetRXXa)
../third_party/psyq/lib\libspu.a(s_dcb.o)
                              ../third_party/psyq/lib\libspu.a(s_ini.o) (_SpuDataCallback)
../third_party/psyq/lib\libspu.a(s_m_int.o)
                              ../third_party/psyq/lib\libspu.a(s_m_m.o) (_spu_gcSPU)
../third_party/psyq/lib\libspu.a(s_n2p.o)
                              ../third_party/psyq/lib\libspu.a(s_sva.o) (_spu_note2pitch)
../third_party/psyq/lib\libapi.a(a07.o)
                              ../third_party/psyq/lib\libcd.a(event.o) (DeliverEvent)
../third_party/psyq/lib\libapi.a(a08.o)
                              ../third_party/psyq/lib\libmcrd.a(bios.o) (OpenEvent)
../third_party/psyq/lib\libapi.a(a09.o)
                              ../third_party/psyq/lib\libmcrd.a(bios.o) (CloseEvent)
../third_party/psyq/lib\libapi.a(a11.o)
                              ../third_party/psyq/lib\libmcrd.a(bios.o) (TestEvent)
../third_party/psyq/lib\libapi.a(a12.o)
                              ../third_party/psyq/lib\libmcrd.a(bios.o) (EnableEvent)
../third_party/psyq/lib\libapi.a(a23.o)
                              ../third_party/psyq/lib\libetc.a(intr.o) (ReturnFromException)
../third_party/psyq/lib\libapi.a(a24.o)
                              ../third_party/psyq/lib\libetc.a(intr.o) (ResetEntryInt)
../third_party/psyq/lib\libapi.a(a25.o)
                              ../third_party/psyq/lib\libetc.a(intr.o) (HookEntryInt)
../third_party/psyq/lib\libapi.a(a36.o)
                              ../third_party/psyq/lib\libetc.a(intr.o) (EnterCriticalSection)
../third_party/psyq/lib\libapi.a(a37.o)
                              ../third_party/psyq/lib\libetc.a(intr.o) (ExitCriticalSection)
../third_party/psyq/lib\libapi.a(a50.o)
                              ../third_party/psyq/lib\libmcrd.a(libmcrd.o) (open)
../third_party/psyq/lib\libapi.a(a51.o)
                              ../third_party/psyq/lib\libmcrd.a(libmcrd.o) (lseek)
../third_party/psyq/lib\libapi.a(a52.o)
                              ../third_party/psyq/lib\libmcrd.a(libmcrd.o) (read)
../third_party/psyq/lib\libapi.a(a53.o)
                              ../third_party/psyq/lib\libmcrd.a(libmcrd.o) (write)
../third_party/psyq/lib\libapi.a(a54.o)
                              ../third_party/psyq/lib\libmcrd.a(libmcrd.o) (close)
../third_party/psyq/lib\libapi.a(a67.o)
                              ../third_party/psyq/lib\libmcrd.a(libmcrd.o) (nextfile)
../third_party/psyq/lib\libapi.a(a91.o)
                              ../third_party/psyq/lib\libetc.a(intr.o) (ChangeClearPAD)
../third_party/psyq/lib\libapi.a(c112.o)
                              ../third_party/psyq/lib\libmcrd.a(init.o) (_bu_init)
../third_party/psyq/lib\libapi.a(c114.o)
                              ../third_party/psyq/lib\libetc.a(intr.o) (_96_remove)
../third_party/psyq/lib\libapi.a(c73.o)
                              ../third_party/psyq/lib\libgpu.a(sys.o) (GPU_cw)
../third_party/psyq/lib\libapi.a(first.o)
                              ../third_party/psyq/lib\libmcrd.a(libmcrd.o) (firstfile)
../third_party/psyq/lib\libapi.a(l02.o)
                              ../third_party/psyq/lib\libpad.a(pdmaiini.o) (SysEnqIntRP)
../third_party/psyq/lib\libapi.a(l03.o)
                              ../third_party/psyq/lib\libpad.a(pdmaiini.o) (SysDeqIntRP)
../third_party/psyq/lib\libapi.a(l10.o)
                              ../third_party/psyq/lib\libetc.a(intr.o) (ChangeClearRCnt)
../third_party/psyq/lib\libapi.a(a66.o)
                              ../third_party/psyq/lib\libapi.a(first.o) (firstfile2)
../third_party/psyq/lib\libc.a(a63.o)
                              ../third_party/psyq/lib\libcd.a(cdr_1.o) (puts)
../third_party/psyq/lib\libc.a(c19.o)
                              ../third_party/psyq/lib\libetc.a(intr.o) (setjmp)
../third_party/psyq/lib\libc.a(c21.o)
                              ../third_party/psyq/lib\libmcrd.a(libmcrd.o) (strcat)
../third_party/psyq/lib\libc.a(c23.o)
                              ../third_party/psyq/lib\libcd.a(iso9660.o) (strcmp)
../third_party/psyq/lib\libc.a(c24.o)
                              ../third_party/psyq/lib\libcd.a(iso9660.o) (strncmp)
../third_party/psyq/lib\libc.a(c26.o)
                              ../third_party/psyq/lib\libmcrd.a(low.o) (strncpy)
../third_party/psyq/lib\libc.a(c27.o)
                              ../third_party/psyq/lib\libgpu.a(font.o) (strlen)
../third_party/psyq/lib\libc.a(c40.o)
                              ../third_party/psyq/lib\libmcrd.a(low.o) (bzero)
../third_party/psyq/lib\libc.a(c43.o)
                              ../third_party/psyq/lib\libgpu.a(font.o) (memset)
../third_party/psyq/lib\libc.a(c63.o)
                              ../third_party/psyq/lib\libcd.a(event.o) (printf)
../third_party/psyq/lib\libcard.a(a78.o)
                              ../third_party/psyq/lib\libmcrd.a(low.o) (_card_write)
../third_party/psyq/lib\libcard.a(a79.o)
                              ../third_party/psyq/lib\libmcrd.a(low.o) (_card_read)
../third_party/psyq/lib\libcard.a(c171.o)
                              ../third_party/psyq/lib\libmcrd.a(libmcrd.o) (_card_info)
../third_party/psyq/lib\libcard.a(c172.o)
                              ../third_party/psyq/lib\libmcrd.a(libmcrd.o) (_card_load)
../third_party/psyq/lib\libcard.a(card.o)
                              ../third_party/psyq/lib\libmcrd.a(libmcrd.o) (_card_clear)
../third_party/psyq/lib\libcard.a(init.o)
                              ../third_party/psyq/lib\libmcrd.a(init.o) (StopCARD)
../third_party/psyq/lib\libcard.a(patch.o)
                              ../third_party/psyq/lib\libcard.a(init.o) (_patch_card_info)
../third_party/psyq/lib\libcard.a(a74.o)
                              ../third_party/psyq/lib\libcard.a(init.o) (InitCARD2)
../third_party/psyq/lib\libcard.a(a75.o)
                              ../third_party/psyq/lib\libcard.a(init.o) (StartCARD2)
../third_party/psyq/lib\libcard.a(a76.o)
                              ../third_party/psyq/lib\libcard.a(init.o) (StopCARD2)
../third_party/psyq/lib\libcard.a(a80.o)
                              ../third_party/psyq/lib\libcard.a(card.o) (_new_card)
../third_party/psyq/lib\libcard.a(end.o)
                              ../third_party/psyq/lib\libcard.a(init.o) (_ExitCard)
../third_party/psyq/lib\libapi.a(c68.o)
                              ../third_party/psyq/lib\libcard.a(patch.o) (FlushCache)
../third_party/psyq/lib\libapi.a(pad.o)
                              ../third_party/psyq/lib\libcard.a(init.o) (ReadInitPadFlag)
../third_party/psyq/lib\libapi.a(patch.o)
                              ../third_party/psyq/lib\libapi.a(pad.o) (_patch_pad)
../third_party/psyq/lib\libapi.a(a18.o)
                              ../third_party/psyq/lib\libapi.a(pad.o) (InitPAD2)
../third_party/psyq/lib\libapi.a(a19.o)
                              ../third_party/psyq/lib\libapi.a(pad.o) (StartPAD2)
../third_party/psyq/lib\libapi.a(a21.o)
                              ../third_party/psyq/lib\libapi.a(pad.o) (PAD_init2)
../third_party/psyq/lib\libapi.a(chclrpad.o)
                              ../third_party/psyq/lib\libapi.a(pad.o) (_remove_ChgclrPAD)

Discarded input sections

 .text          0x0000000000000000        0x0 main.o
 .data          0x0000000000000000        0x0 main.o
 .MIPS.abiflags
                0x0000000000000000       0x18 main.o
 .pdr           0x0000000000000000       0x20 main.o
 .text          0x0000000000000000        0x0 game.o
 .data          0x0000000000000000        0x0 game.o
 .bss           0x0000000000000000        0x0 game.o
 .reginfo       0x0000000000000000       0x18 game.o
 .MIPS.abiflags
                0x0000000000000000       0x18 game.o
 .pdr           0x0000000000000000       0xa0 game.o
 .text._ZN10GameEngineD2Ev
                0x0000000000000000       0x74 game.o
 .text          0x0000000000000000        0x0 graph.o
 .data          0x0000000000000000        0x0 graph.o
 .bss           0x0000000000000000        0x0 graph.o
 .reginfo       0x0000000000000000       0x18 graph.o
 .MIPS.abiflags
                0x0000000000000000       0x18 graph.o
 .pdr           0x0000000000000000       0xe0 graph.o
 .text          0x0000000000000000        0x0 cdrom.o
 .data          0x0000000000000000        0x0 cdrom.o
 .bss           0x0000000000000000        0x0 cdrom.o
 .reginfo       0x0000000000000000       0x18 cdrom.o
 .MIPS.abiflags
                0x0000000000000000       0x18 cdrom.o
 .pdr           0x0000000000000000       0xa0 cdrom.o
 .text          0x0000000000000000        0x0 sound.o
 .data          0x0000000000000000        0x0 sound.o
 .bss           0x0000000000000000        0x0 sound.o
 .reginfo       0x0000000000000000       0x18 sound.o
 .MIPS.abiflags
                0x0000000000000000       0x18 sound.o
 .pdr           0x0000000000000000       0xe0 sound.o
 .text          0x0000000000000000        0x0 memcard.o
 .data          0x0000000000000000        0x0 memcard.o
 .bss           0x0000000000000000        0x0 memcard.o
 .reginfo       0x0000000000000000       0x18 memcard.o
 .MIPS.abiflags
                0x0000000000000000       0x18 memcard.o
 .pdr           0x0000000000000000       0xc0 memcard.o
 .text          0x0000000000000000        0x0 controller.o
 .data          0x0000000000000000        0x0 controller.o
 .bss           0x0000000000000000        0x0 controller.o
 .reginfo       0x0000000000000000       0x18 controller.o
 .MIPS.abiflags
                0x0000000000000000       0x18 controller.o
 .pdr           0x0000000000000000      0x120 controller.o
 .text          0x0000000000000000        0x0 player.o
 .data          0x0000000000000000        0x0 player.o
 .bss           0x0000000000000000        0x0 player.o
 .reginfo       0x0000000000000000       0x18 player.o
 .MIPS.abiflags
                0x0000000000000000       0x18 player.o
 .pdr           0x0000000000000000       0x60 player.o
 .text          0x0000000000000000        0x0 region_eu.o
 .data          0x0000000000000000        0x0 region_eu.o
 .bss           0x0000000000000000        0x0 region_eu.o
 .reginfo       0x0000000000000000       0x18 region_eu.o
 .MIPS.abiflags
                0x0000000000000000       0x18 region_eu.o
 .pdr           0x0000000000000000       0x40 region_eu.o
 .text          0x0000000000000000        0x0 ../third_party/common/syscalls/printf.o
 .data          0x0000000000000000        0x0 ../third_party/common/syscalls/printf.o
 .bss           0x0000000000000000        0x0 ../third_party/common/syscalls/printf.o
 .reginfo       0x0000000000000000       0x18 ../third_party/common/syscalls/printf.o
 .MIPS.abiflags
                0x0000000000000000       0x18 ../third_party/common/syscalls/printf.o
 .pdr           0x0000000000000000        0x0 ../third_party/common/syscalls/printf.o
 .ramtext       0x0000000000000000        0xc ../third_party/common/syscalls/printf.o
 .debug_line    0x0000000000000000       0x4b ../third_party/common/syscalls/printf.o
 .debug_line_str
                0x0000000000000000       0x45 ../third_party/common/syscalls/printf.o
 .debug_info    0x0000000000000000       0x24 ../third_party/common/syscalls/printf.o
 .debug_abbrev  0x0000000000000000       0x14 ../third_party/common/syscalls/printf.o
 .debug_aranges
                0x0000000000000000       0x20 ../third_party/common/syscalls/printf.o
 .debug_str     0x0000000000000000       0x48 ../third_party/common/syscalls/printf.o
 .gnu.attributes
                0x0000000000000000       0x10 ../third_party/common/syscalls/printf.o
 .text          0x0000000000000000        0x0 ../third_party/common/crt0/crt0.o
 .data          0x0000000000000000        0x0 ../third_party/common/crt0/crt0.o
 .bss           0x0000000000000000        0x0 ../third_party/common/crt0/crt0.o
 .reginfo       0x0000000000000000       0x18 ../third_party/common/crt0/crt0.o
 .MIPS.abiflags
                0x0000000000000000       0x18 ../third_party/common/crt0/crt0.o
 .data          0x0000000000000000       0x10 ../third_party/psyq/lib\libmcrd.a(init.o)
 .data          0x0000000000000000       0x10 ../third_party/psyq/lib\libcard.a(init.o)

Memory Configuration

Name             Origin             Length             Attributes
loader           0x000000008000f800 0x0000000000000800
ram              0x0000000080010000 0x00000000001f0000 xrw
dcache           0x000000001f800000 0x0000000000000400
*default*        0x0000000000000000 0xffffffffffffffff

Linker script and memory map

LOAD main.o
LOAD game.o
LOAD graph.o
LOAD cdrom.o
LOAD sound.o
LOAD memcard.o
LOAD controller.o
LOAD player.o
LOAD region_eu.o
LOAD ../third_party/common/syscalls/printf.o
LOAD ../third_party/common/crt0/crt0.o
START GROUP
LOAD ../third_party/psyq/lib\libapi.a
LOAD ../third_party/psyq/lib\libc.a
LOAD ../third_party/psyq/lib\libc2.a
LOAD ../third_party/psyq/lib\libcd.a
LOAD ../third_party/psyq/lib\libcard.a
LOAD ../third_party/psyq/lib\libcomb.a
LOAD ../third_party/psyq/lib\libds.a
LOAD ../third_party/psyq/lib\libetc.a
LOAD ../third_party/psyq/lib\libgpu.a
LOAD ../third_party/psyq/lib\libgs.a
LOAD ../third_party/psyq/lib\libgte.a
LOAD ../third_party/psyq/lib\libgpu.a
LOAD ../third_party/psyq/lib\libgun.a
LOAD ../third_party/psyq/lib\libhmd.a
LOAD ../third_party/psyq/lib\libmath.a
LOAD ../third_party/psyq/lib\libmcrd.a
LOAD ../third_party/psyq/lib\libmcx.a
LOAD ../third_party/psyq/lib\libpad.a
LOAD ../third_party/psyq/lib\libpress.a
LOAD ../third_party/psyq/lib\libsio.a
LOAD ../third_party/psyq/lib\libsnd.a
LOAD ../third_party/psyq/lib\libspu.a
LOAD ../third_party/psyq/lib\libtap.a
END GROUP
                0x000000008006ef28                __heap_base = __bss_end
                0x0000000080010000                TLOAD_ADDR = DEFINED (TLOAD_ADDR)?TLOAD_ADDR:0x80010000
                0x0000000080200000                __ram_top = (ORIGIN (ram) + LENGTH (ram))
                0x00000000801fff00                __sp = (__ram_top - 0x100)
                0x000000001f800000                __dcache = ORIGIN (dcache)
                0x000000001f800400                __dcache_top = (ORIGIN (dcache) + LENGTH (dcache))
                0x0000000000048f28                __bss_len = (__bss_end - __bss_start)
                0x00000000000128d0                __ftext_len = (__ftext_end - __ftext_start)
                0x0000000000003730                __fdata_len = (__fdata_end - __fdata_start)
                0x0000000080200000                __stack_start = (ORIGIN (ram) + LENGTH (ram))

.PSX_EXE_Header
                0x000000008000f800      0x800
                0x000000008000f800        0x1 BYTE 0x50
                0x000000008000f801        0x1 BYTE 0x53
                0x000000008000f802        0x1 BYTE 0x2d
                0x000000008000f803        0x1 BYTE 0x58
                0x000000008000f804        0x1 BYTE 0x20
                0x000000008000f805        0x1 BYTE 0x45
                0x000000008000f806        0x1 BYTE 0x58
                0x000000008000f807        0x1 BYTE 0x45
                0x000000008000f808        0x4 LONG 0x0
                0x000000008000f80c        0x4 LONG 0x0
                0x000000008000f810        0x4 LONG 0x80010000 ABSOLUTE (_start)
                0x000000008000f814        0x4 LONG 0x0
                0x000000008000f818        0x4 LONG 0x80010000 TLOAD_ADDR
                0x000000008000f81c        0x4 LONG 0x16000 (__ftext_len + __fdata_len)
                0x000000008000f820        0x4 LONG 0x0
                0x000000008000f824        0x4 LONG 0x0
                0x000000008000f828        0x4 LONG 0x0
                0x000000008000f82c        0x4 LONG 0x0
                0x000000008000f830        0x4 LONG 0x801fff00 DEFINED (_sp)?ABSOLUTE (_sp):0x801fff00
                0x000000008000f834        0x4 LONG 0x0
                0x0000000080010000                . = (. + 0x7c8)
 *fill*         0x000000008000f838      0x7c8 
                0x0000000080010000                __ftext_start = ABSOLUTE (.)

.text           0x0000000080010000    0x128d0
 *(.start)
 .start         0x0000000080010000       0x64 ../third_party/common/crt0/crt0.o
                0x0000000080010000                _start
 *(.init)
 *(SORT_NONE(.fini))
 *(.text.unlikely .text.*_unlikely .text.unlikely.*)
 *(.text.exit .text.exit.*)
 *(.text.startup .text.startup.*)
 .text.startup.main
                0x0000000080010064       0x48 main.o
                0x0000000080010064                main
 *(.text.hot .text.hot.*)
 *(.text .stub .text.* .gnu.linkonce.t.*)
 .text._ZN10GameEngineC2Ev
                0x00000000800100ac      0x15c game.o
                0x00000000800100ac                GameEngine::GameEngine()
                0x00000000800100ac                GameEngine::GameEngine()
 .text._ZN10GameEngine8GameInitEv
                0x0000000080010208       0x70 game.o
                0x0000000080010208                GameEngine::GameInit()
 .text._ZN10GameEngine13GameLoadStuffEv
                0x0000000080010278       0xf4 game.o
                0x0000000080010278                GameEngine::GameLoadStuff()
 .text._ZN10GameEngine8GameLoopEv
                0x000000008001036c      0x578 game.o
                0x000000008001036c                GameEngine::GameLoop()
 .text._ZN9GameGraphC2Ev
                0x00000000800108e4       0x24 graph.o
                0x00000000800108e4                GameGraph::GameGraph()
                0x00000000800108e4                GameGraph::GameGraph()
 .text._ZN9GameGraphD2Ev
                0x0000000080010908        0x8 graph.o
                0x0000000080010908                GameGraph::~GameGraph()
                0x0000000080010908                GameGraph::~GameGraph()
 .text._ZN9GameGraph11LoadTextureEPm
                0x0000000080010910       0x80 graph.o
                0x0000000080010910                GameGraph::LoadTexture(unsigned long*)
 .text._ZN9GameGraph9GraphDispEv
                0x0000000080010990       0xac graph.o
                0x0000000080010990                GameGraph::GraphDisp()
 .text._ZN9GameGraph7CleanOTEv
                0x0000000080010a3c       0x18 graph.o
                0x0000000080010a3c                GameGraph::CleanOT()
 .text._ZN9GameGraph9ClearVRAMEv
                0x0000000080010a54       0x3c graph.o
                0x0000000080010a54                GameGraph::ClearVRAM()
 .text._ZN9GameGraph9GraphInitEv
                0x0000000080010a90      0x1d0 graph.o
                0x0000000080010a90                GameGraph::GraphInit()
 .text._ZN9GameCDROMC2Ev
                0x0000000080010c60        0x8 cdrom.o
                0x0000000080010c60                GameCDROM::GameCDROM()
                0x0000000080010c60                GameCDROM::GameCDROM()
 .text._ZN9GameCDROMD2Ev
                0x0000000080010c68        0x8 cdrom.o
                0x0000000080010c68                GameCDROM::~GameCDROM()
                0x0000000080010c68                GameCDROM::~GameCDROM()
 .text._ZN9GameCDROM10CDROM_InitEv
                0x0000000080010c70        0x8 cdrom.o
                0x0000000080010c70                GameCDROM::CDROM_Init()
 .text._ZN9GameCDROM14CDROM_ReadFileEPKc
                0x0000000080010c78       0x7c cdrom.o
                0x0000000080010c78                GameCDROM::CDROM_ReadFile(char const*)
 .text._ZN9GameCDROM13CDROM_StandbyEv
                0x0000000080010cf4       0x3c cdrom.o
                0x0000000080010cf4                GameCDROM::CDROM_Standby()
 .text._ZN9GameSoundC2Ev
                0x0000000080010d30        0x8 sound.o
                0x0000000080010d30                GameSound::GameSound()
                0x0000000080010d30                GameSound::GameSound()
 .text._ZN9GameSoundD2Ev
                0x0000000080010d38        0x8 sound.o
                0x0000000080010d38                GameSound::~GameSound()
                0x0000000080010d38                GameSound::~GameSound()
 .text._ZN9GameSound9SoundInitEv
                0x0000000080010d40       0x58 sound.o
                0x0000000080010d40                GameSound::SoundInit()
 .text._ZN9GameSound12SendVAGtoSPUEjPh
                0x0000000080010d98       0x50 sound.o
                0x0000000080010d98                GameSound::SendVAGtoSPU(unsigned int, unsigned char*)
 .text._ZN9GameSound12SetVoiceAttrEjlm
                0x0000000080010de8       0x5c sound.o
                0x0000000080010de8                GameSound::SetVoiceAttr(unsigned int, long, unsigned long)
 .text._ZN9GameSound14SetSPUtransferEP8VAGsound
                0x0000000080010e44      0x118 sound.o
                0x0000000080010e44                GameSound::SetSPUtransfer(VAGsound*)
 .text._ZN9GameSound7PlaySFXEP8VAGsound
                0x0000000080010f5c       0x50 sound.o
                0x0000000080010f5c                GameSound::PlaySFX(VAGsound*)
 .text._ZN8GameSaveC2Ev
                0x0000000080010fac        0x8 memcard.o
                0x0000000080010fac                GameSave::GameSave()
                0x0000000080010fac                GameSave::GameSave()
 .text._ZN8GameSaveD2Ev
                0x0000000080010fb4        0x8 memcard.o
                0x0000000080010fb4                GameSave::~GameSave()
                0x0000000080010fb4                GameSave::~GameSave()
 .text._ZN8GameSave12MemCard_InitEv
                0x0000000080010fbc       0x1c memcard.o
                0x0000000080010fbc                GameSave::MemCard_Init()
 .text._ZN8GameSave13PrepareHeaderEPm
                0x0000000080010fd8       0x6c memcard.o
                0x0000000080010fd8                GameSave::PrepareHeader(unsigned long*)
 .text._ZN8GameSave12MemCard_SaveEii
                0x0000000080011044      0x178 memcard.o
                0x0000000080011044                GameSave::MemCard_Save(int, int)
 .text._ZN8GameSave12MemCard_LoadEv
                0x00000000800111bc       0xec memcard.o
                0x00000000800111bc                GameSave::MemCard_Load()
 .text._ZN14GameControllerC2Ev
                0x00000000800112a8       0x18 controller.o
                0x00000000800112a8                GameController::GameController()
                0x00000000800112a8                GameController::GameController()
 .text._ZN14GameControllerD2Ev
                0x00000000800112c0        0x8 controller.o
                0x00000000800112c0                GameController::~GameController()
                0x00000000800112c0                GameController::~GameController()
 .text._ZN14GameController14ControllerInitEv
                0x00000000800112c8       0x1c controller.o
                0x00000000800112c8                GameController::ControllerInit()
 .text._ZN14GameController11IsConnectedEi
                0x00000000800112e4       0xf0 controller.o
                0x00000000800112e4                GameController::IsConnected(int)
 .text._ZN14GameController9CheckTypeEi
                0x00000000800113d4       0xdc controller.o
                0x00000000800113d4                GameController::CheckType(int)
 .text._ZN14GameController11CheckButtonEi
                0x00000000800114b0       0xe4 controller.o
                0x00000000800114b0                GameController::CheckButton(int)
 .text._ZN14GameController10CheckStickEii
                0x0000000080011594       0xf0 controller.o
                0x0000000080011594                GameController::CheckStick(int, int)
 .text._ZN14GameController9CheckHoldEii
                0x0000000080011684      0x1a0 controller.o
                0x0000000080011684                GameController::CheckHold(int, int)
 .text._ZN14GameController13StartVibratorEihh
                0x0000000080011824       0xa8 controller.o
                0x0000000080011824                GameController::StartVibrator(int, unsigned char, unsigned char)
 .text._ZN6PlayerC2Ev
                0x00000000800118cc       0x10 player.o
                0x00000000800118cc                Player::Player()
                0x00000000800118cc                Player::Player()
 .text._ZN6PlayerD2Ev
                0x00000000800118dc        0x8 player.o
                0x00000000800118dc                Player::~Player()
                0x00000000800118dc                Player::~Player()
 .text._ZN6Player10DrawSpriteEPmPc
                0x00000000800118e4       0xcc player.o
                0x00000000800118e4                Player::DrawSprite(unsigned long*, char*)
 .text._ZN10GameRegionC2Ev
                0x00000000800119b0        0x8 region_eu.o
                0x00000000800119b0                GameRegion::GameRegion()
                0x00000000800119b0                GameRegion::GameRegion()
 .text._ZN10GameRegionD2Ev
                0x00000000800119b8        0x8 region_eu.o
                0x00000000800119b8                GameRegion::~GameRegion()
                0x00000000800119b8                GameRegion::~GameRegion()
 .text          0x00000000800119c0       0x10 ../third_party/psyq/lib\libapi.a(c57.o)
                0x00000000800119c0                InitHeap
 .text          0x00000000800119d0       0x10 ../third_party/psyq/lib\libc.a(c42.o)
                0x00000000800119d0                memcpy
 .text          0x00000000800119e0       0x10 ../third_party/psyq/lib\libc.a(c51.o)
                0x00000000800119e0                malloc
 .text          0x00000000800119f0       0x10 ../third_party/psyq/lib\libc.a(c52.o)
                0x00000000800119f0                free
 .text          0x0000000080011a00      0x9a0 ../third_party/psyq/lib\libcd.a(cdr_1.o)
                0x0000000080011f60                CdReadBreak
                0x0000000080012100                CdRead
                0x000000008001229c                CdReadSync
 .text          0x00000000800123a0      0x150 ../third_party/psyq/lib\libcd.a(event.o)
                0x00000000800123a0                CdInit
 .text          0x00000000800124f0      0x970 ../third_party/psyq/lib\libcd.a(iso9660.o)
                0x00000000800124f0                CdSearchFile
 .text          0x0000000080012e60      0x110 ../third_party/psyq/lib\libcd.a(s_002.o)
                0x0000000080012e60                CdIntToPos
 .text          0x0000000080012f70       0x10 ../third_party/psyq/lib\libcd.a(s_003.o)
                0x0000000080012f70                CdStatus
 .text          0x0000000080012f80       0x10 ../third_party/psyq/lib\libcd.a(s_004.o)
                0x0000000080012f80                CdMode
 .text          0x0000000080012f90       0x10 ../third_party/psyq/lib\libcd.a(s_006.o)
                0x0000000080012f90                CdLastPos
 .text          0x0000000080012fa0       0x20 ../third_party/psyq/lib\libcd.a(s_008.o)
                0x0000000080012fa0                CdFlush
 .text          0x0000000080012fc0       0x20 ../third_party/psyq/lib\libcd.a(s_013.o)
                0x0000000080012fc0                CdReady
 .text          0x0000000080012fe0       0x20 ../third_party/psyq/lib\libcd.a(s_014.o)
                0x0000000080012fe0                CdSyncCallback
 .text          0x0000000080013000       0x20 ../third_party/psyq/lib\libcd.a(s_015.o)
                0x0000000080013000                CdReadyCallback
 .text          0x0000000080013020      0x3c0 ../third_party/psyq/lib\libcd.a(s_016.o)
                0x0000000080013020                CdControl
                0x000000008001315c                CdControlF
                0x0000000080013290                CdControlB
 .text          0x00000000800133e0       0x20 ../third_party/psyq/lib\libcd.a(s_021.o)
                0x00000000800133e0                CdGetSector
 .text          0x0000000080013400       0x20 ../third_party/psyq/lib\libcd.a(s_022.o)
                0x0000000080013400                CdGetSector2
 .text          0x0000000080013420       0x30 ../third_party/psyq/lib\libcd.a(s_023.o)
                0x0000000080013420                CdDataCallback
 .text          0x0000000080013450       0x20 ../third_party/psyq/lib\libcd.a(s_024.o)
                0x0000000080013450                CdDataSync
 .text          0x0000000080013470       0x80 ../third_party/psyq/lib\libcd.a(sys.o)
                0x0000000080013470                CdPosToInt
 .text          0x00000000800134f0     0x1580 ../third_party/psyq/lib\libcd.a(bios_1.o)
                0x0000000080013a54                CD_sync
                0x0000000080013cd4                CD_ready
                0x0000000080013f9c                CD_cw
                0x00000000800143a8                CD_vol
                0x0000000080014430                CD_flush
                0x0000000080014504                CD_initvol
                0x00000000800145f4                CD_initintr
                0x0000000080014640                CD_init
                0x0000000080014820                CD_datasync
                0x0000000080014988                CD_set_test_parmnum
 .text          0x0000000080014a70      0x100 ../third_party/psyq/lib\libcd.a(bios_2.o)
                0x0000000080014a70                CD_getsector
 .text          0x0000000080014b70       0xf0 ../third_party/psyq/lib\libcd.a(bios_3.o)
                0x0000000080014b70                CD_getsector2
 .text          0x0000000080014c60      0x6c0 ../third_party/psyq/lib\libetc.a(intr.o)
                0x0000000080014c60                ResetCallback
                0x0000000080014c90                InterruptCallback
                0x0000000080014cc0                DMACallback
                0x0000000080014cf0                VSyncCallback
                0x0000000080014d24                VSyncCallbacks
                0x0000000080014d54                StopCallback
                0x0000000080014d84                RestartCallback
                0x0000000080014db4                CheckCallback
                0x0000000080014dc4                GetIntrMask
                0x0000000080014ddc                SetIntrMask
 .text          0x0000000080015320      0x2a0 ../third_party/psyq/lib\libetc.a(intr_dma.o)
                0x0000000080015320                startIntrDMA
 .text          0x00000000800155c0      0x120 ../third_party/psyq/lib\libetc.a(intr_vb.o)
                0x00000000800155c0                startIntrVSync
 .text          0x00000000800156e0       0x30 ../third_party/psyq/lib\libetc.a(vmode.o)
                0x00000000800156e0                SetVideoMode
                0x00000000800156f4                GetVideoMode
 .text          0x0000000080015710      0x210 ../third_party/psyq/lib\libetc.a(vsync.o)
                0x0000000080015710                VSync
 .text          0x0000000080015920       0xc0 ../third_party/psyq/lib\libgpu.a(e03.o)
                0x0000000080015920                SetDefDrawEnv
 .text          0x00000000800159e0       0x40 ../third_party/psyq/lib\libgpu.a(e04.o)
                0x00000000800159e0                SetDefDispEnv
 .text          0x0000000080015a20      0xa80 ../third_party/psyq/lib\libgpu.a(font.o)
                0x0000000080015a20                SetDumpFnt
                0x0000000080015a60                FntLoad
                0x0000000080015b00                FntOpen
                0x0000000080015dbc                FntFlush
                0x00000000800160d8                FntPrint
 .text          0x00000000800164a0       0x40 ../third_party/psyq/lib\libgpu.a(p06.o)
                0x00000000800164a0                AddPrim
 .text          0x00000000800164e0       0x20 ../third_party/psyq/lib\libgpu.a(p09.o)
                0x00000000800164e0                TermPrim
 .text          0x0000000080016500       0x30 ../third_party/psyq/lib\libgpu.a(p10.o)
                0x0000000080016500                SetSemiTrans
 .text          0x0000000080016530       0x20 ../third_party/psyq/lib\libgpu.a(p20.o)
                0x0000000080016530                SetSprt8
 .text          0x0000000080016550       0x20 ../third_party/psyq/lib\libgpu.a(p26.o)
                0x0000000080016550                SetTile
 .text          0x0000000080016570       0xa0 ../third_party/psyq/lib\libgpu.a(p41.o)
                0x0000000080016570                SetDrawMode
 .text          0x0000000080016610     0x2f00 ../third_party/psyq/lib\libgpu.a(sys.o)
                0x0000000080016610                ResetGraph
                0x0000000080016784                SetGraphDebug
                0x00000000800167e0                SetGraphQueue
                0x0000000080016884                GetGraphDebug
                0x0000000080016894                DrawSyncCallback
                0x00000000800168f4                SetDispMask
                0x000000008001698c                DrawSync
                0x0000000080016b10                ClearImage
                0x0000000080016ba0                ClearImage2
                0x0000000080016c38                LoadImage
                0x0000000080016c98                StoreImage
                0x0000000080016cf8                MoveImage
                0x0000000080016db0                ClearOTag
                0x0000000080016e78                ClearOTagR
                0x0000000080016f24                DrawPrim
                0x0000000080016f80                DrawOTag
                0x0000000080016ff0                PutDrawEnv
                0x00000000800170b0                DrawOTagEnv
                0x0000000080017188                GetDrawEnv
                0x00000000800171bc                PutDispEnv
                0x00000000800176b4                GetDispEnv
                0x00000000800176e8                GetODE
                0x0000000080017718                SetDrawArea
                0x0000000080017798                SetDrawOffset
                0x00000000800177d8                SetDrawEnv
                0x00000000800190a8                LoadImage2
                0x0000000080019194                StoreImage2
                0x0000000080019280                MoveImage2
                0x00000000800193c4                DrawOTag2
                0x00000000800194c0                _GPU_ResetCallback
 .text          0x0000000080019510      0x190 ../third_party/psyq/lib\libgpu.a(t00.o)
                0x0000000080019510                OpenTIM
                0x0000000080019520                ReadTIM
 .text          0x00000000800196a0       0xf0 ../third_party/psyq/lib\libgpu.a(e00.o)
                0x00000000800196a0                LoadTPage
 .text          0x0000000080019790       0x70 ../third_party/psyq/lib\libgpu.a(e02.o)
                0x0000000080019790                LoadClut2
 .text          0x0000000080019800       0x40 ../third_party/psyq/lib\libgpu.a(p00.o)
                0x0000000080019800                GetTPage
 .text          0x0000000080019840       0x20 ../third_party/psyq/lib\libgpu.a(p01.o)
                0x0000000080019840                GetClut
 .text          0x0000000080019860       0x50 ../third_party/psyq/lib\libmcrd.a(init.o)
                0x0000000080019860                MemCardInit
                0x0000000080019890                MemCardEnd
 .text          0x00000000800198b0     0x18d0 ../third_party/psyq/lib\libmcrd.a(libmcrd.o)
                0x00000000800198b0                PushCallbackFunc
                0x00000000800198d8                PullCallbackFunc
                0x0000000080019900                McrdGetGlobalStructure
                0x000000008001990c                MemCardStart
                0x000000008001997c                MemCardStop
                0x00000000800199bc                MemCardExist
                0x0000000080019d40                MemCardAccept
                0x000000008001a050                MemCardOpen
                0x000000008001a1d8                MemCardClose
                0x000000008001a21c                MemCardReadData
                0x000000008001a484                MemCardWriteData
                0x000000008001a6e8                MemCardReadFile
                0x000000008001a908                MemCardWriteFile
                0x000000008001ab28                MemCardGetDirentry
                0x000000008001ad84                MemCardCallback
                0x000000008001ad98                MemCardSync
                0x000000008001aeb4                MemCardCreateFile
                0x000000008001afb0                MemCardFormat
 .text          0x000000008001b180      0xa90 ../third_party/psyq/lib\libmcrd.a(low.o)
                0x000000008001b180                _card_format2
                0x000000008001b550                _card_create2
 .text          0x000000008001bc10      0x110 ../third_party/psyq/lib\libmcrd.a(userfunc.o)
                0x000000008001bc10                UserFuncInit
                0x000000008001bc20                UserFuncOpen
                0x000000008001bc9c                UserFuncExecute
                0x000000008001bd08                UserFuncComplete
 .text          0x000000008001bd20      0x6b0 ../third_party/psyq/lib\libmcrd.a(bios.o)
                0x000000008001bd20                funcEvSpIOE
                0x000000008001bd34                funcEvSpError
                0x000000008001bd48                funcEvSpTimeout
                0x000000008001bd5c                funcEvSpNewcard
                0x000000008001bd70                funcEvSpIOEx
                0x000000008001bd84                funcEvSpErrorx
                0x000000008001bd98                funcEvSpTimeoutx
                0x000000008001bdac                funcEvSpNewcardx
                0x000000008001bdc0                _card_open
                0x000000008001bdf0                _card_start
                0x000000008001bfcc                _card_close
                0x000000008001bfec                _card_stop
                0x000000008001c0a0                _clr_card_event
                0x000000008001c1a8                _get_card_event
                0x000000008001c280                _get_card_event_x
                0x000000008001c358                _chk_card_event
                0x000000008001c394                _chk_card_event_x
 .text          0x000000008001c3d0       0x40 ../third_party/psyq/lib\libpad.a(pdcmd1.o)
                0x000000008001c3d0                PadSetAct
 .text          0x000000008001c410      0x170 ../third_party/psyq/lib\libpad.a(pdcmd2.o)
                0x000000008001c410                PadSetActAlign
 .text          0x000000008001c580       0xd0 ../third_party/psyq/lib\libpad.a(pdent2.o)
                0x000000008001c580                PadGetState
 .text          0x000000008001c650      0x110 ../third_party/psyq/lib\libpad.a(pdmaiini.o)
                0x000000008001c650                PadStartCom
                0x000000008001c71c                PadStopCom
 .text          0x000000008001c760     0x1e70 ../third_party/psyq/lib\libpad.a(pdresres.o)
                0x000000008001c760                _padIsVsync
                0x000000008001c7c8                _padIntPad
                0x000000008001c958                _padInitSioMode
                0x000000008001cd7c                _padSioRW
                0x000000008001cfa0                _padSioRW2
                0x000000008001d21c                _padClrIntSio0
                0x000000008001d2ac                _padWaitRXready
                0x000000008001d2d4                _padSetCmd
                0x000000008001d2e4                _padSendAtLoadInfo
                0x000000008001d368                _padRecvAtLoadInfo
                0x000000008001d5d8                _padGetActSize
                0x000000008001d610                _padLoadActInfo
                0x000000008001db84                _padCmdParaMode
                0x000000008001dc2c                _padSetRC2wait
                0x000000008001dc4c                _padChkRC2wait
 .text          0x000000008001e5d0      0x160 ../third_party/psyq/lib\libpad.a(pdtapini.o)
                0x000000008001e5d0                PadInitMtap
 .text          0x000000008001e730     0x1140 ../third_party/psyq/lib\libpad.a(pdtapres.o)
                0x000000008001e730                _padInitMtapPort
                0x000000008001f46c                _mtapFailAuto
 .text          0x000000008001f870       0x20 ../third_party/psyq/lib\libspu.a(s_i.o)
                0x000000008001f870                SpuInit
 .text          0x000000008001f890      0x160 ../third_party/psyq/lib\libspu.a(s_ini.o)
                0x000000008001f890                _SpuInit
                0x000000008001f978                SpuStart
 .text          0x000000008001f9f0       0xb0 ../third_party/psyq/lib\libspu.a(s_itc.o)
                0x000000008001f9f0                SpuIsTransferCompleted
 .text          0x000000008001faa0       0x60 ../third_party/psyq/lib\libspu.a(s_m_init.o)
                0x000000008001faa0                SpuInitMalloc
 .text          0x000000008001fb00      0x2d0 ../third_party/psyq/lib\libspu.a(s_m_m.o)
                0x000000008001fb00                SpuMalloc
 .text          0x000000008001fdd0      0x380 ../third_party/psyq/lib\libspu.a(s_sca.o)
                0x000000008001fdd0                SpuSetCommonAttr
 .text          0x0000000080020150      0x140 ../third_party/psyq/lib\libspu.a(s_si.o)
                0x0000000080020150                SpuSetIRQ
 .text          0x0000000080020290      0x1c0 ../third_party/psyq/lib\libspu.a(s_sk.o)
                0x0000000080020290                SpuSetKey
 .text          0x0000000080020450       0x30 ../third_party/psyq/lib\libspu.a(s_stm.o)
                0x0000000080020450                SpuSetTransferMode
 .text          0x0000000080020480       0x60 ../third_party/psyq/lib\libspu.a(s_stsa.o)
                0x0000000080020480                SpuSetTransferStartAddr
 .text          0x00000000800204e0      0x600 ../third_party/psyq/lib\libspu.a(s_sva.o)
                0x00000000800204e0                SpuSetVoiceAttr
 .text          0x0000000080020ae0       0x60 ../third_party/psyq/lib\libspu.a(s_w.o)
                0x0000000080020ae0                SpuWrite
 .text          0x0000000080020b40      0xb40 ../third_party/psyq/lib\libspu.a(spu.o)
                0x0000000080020b40                _spu_init
                0x0000000080020f80                _spu_FiDMA
                0x000000008002103c                _spu_Fr_
                0x00000000800210e4                _spu_t
                0x0000000080021364                _spu_Fw
                0x00000000800213e8                _spu_Fr
                0x000000008002144c                _spu_FsetRXX
                0x0000000080021490                _spu_FsetRXXa
                0x0000000080021534                _spu_FgetRXXa
                0x0000000080021570                _spu_FsetPCR
                0x0000000080021618                _spu_Fw1ts
 .text          0x0000000080021680       0x30 ../third_party/psyq/lib\libspu.a(s_dcb.o)
                0x0000000080021680                _SpuDataCallback
 .text          0x00000000800216b0      0x300 ../third_party/psyq/lib\libspu.a(s_m_int.o)
                0x00000000800216b0                _spu_gcSPU
 .text          0x00000000800219b0      0x200 ../third_party/psyq/lib\libspu.a(s_n2p.o)
                0x00000000800219b0                _spu_note2pitch
                0x0000000080021a80                _spu_pitch2note
 .text          0x0000000080021bb0       0x10 ../third_party/psyq/lib\libapi.a(a07.o)
                0x0000000080021bb0                DeliverEvent
 .text          0x0000000080021bc0       0x10 ../third_party/psyq/lib\libapi.a(a08.o)
                0x0000000080021bc0                OpenEvent
 .text          0x0000000080021bd0       0x10 ../third_party/psyq/lib\libapi.a(a09.o)
                0x0000000080021bd0                CloseEvent
 .text          0x0000000080021be0       0x10 ../third_party/psyq/lib\libapi.a(a11.o)
                0x0000000080021be0                TestEvent
 .text          0x0000000080021bf0       0x10 ../third_party/psyq/lib\libapi.a(a12.o)
                0x0000000080021bf0                EnableEvent
 .text          0x0000000080021c00       0x10 ../third_party/psyq/lib\libapi.a(a23.o)
                0x0000000080021c00                ReturnFromException
 .text          0x0000000080021c10       0x10 ../third_party/psyq/lib\libapi.a(a24.o)
                0x0000000080021c10                ResetEntryInt
 .text          0x0000000080021c20       0x10 ../third_party/psyq/lib\libapi.a(a25.o)
                0x0000000080021c20                HookEntryInt
 .text          0x0000000080021c30       0x10 ../third_party/psyq/lib\libapi.a(a36.o)
                0x0000000080021c30                EnterCriticalSection
 .text          0x0000000080021c40       0x10 ../third_party/psyq/lib\libapi.a(a37.o)
                0x0000000080021c40                ExitCriticalSection
 .text          0x0000000080021c50       0x10 ../third_party/psyq/lib\libapi.a(a50.o)
                0x0000000080021c50                open
 .text          0x0000000080021c60       0x10 ../third_party/psyq/lib\libapi.a(a51.o)
                0x0000000080021c60                lseek
 .text          0x0000000080021c70       0x10 ../third_party/psyq/lib\libapi.a(a52.o)
                0x0000000080021c70                read
 .text          0x0000000080021c80       0x10 ../third_party/psyq/lib\libapi.a(a53.o)
                0x0000000080021c80                write
 .text          0x0000000080021c90       0x10 ../third_party/psyq/lib\libapi.a(a54.o)
                0x0000000080021c90                close
 .text          0x0000000080021ca0       0x10 ../third_party/psyq/lib\libapi.a(a67.o)
                0x0000000080021ca0                nextfile
 .text          0x0000000080021cb0       0x10 ../third_party/psyq/lib\libapi.a(a91.o)
                0x0000000080021cb0                ChangeClearPAD
 .text          0x0000000080021cc0       0x10 ../third_party/psyq/lib\libapi.a(c112.o)
                0x0000000080021cc0                _bu_init
 .text          0x0000000080021cd0       0x20 ../third_party/psyq/lib\libapi.a(c114.o)
                0x0000000080021cd8                _96_remove
 .text          0x0000000080021cf0       0x10 ../third_party/psyq/lib\libapi.a(c73.o)
                0x0000000080021cf0                GPU_cw
 .text          0x0000000080021d00      0x2a0 ../third_party/psyq/lib\libapi.a(first.o)
                0x0000000080021d00                firstfile
 .text          0x0000000080021fa0       0x10 ../third_party/psyq/lib\libapi.a(l02.o)
                0x0000000080021fa0                SysEnqIntRP
 .text          0x0000000080021fb0       0x10 ../third_party/psyq/lib\libapi.a(l03.o)
                0x0000000080021fb0                SysDeqIntRP
 .text          0x0000000080021fc0       0x10 ../third_party/psyq/lib\libapi.a(l10.o)
                0x0000000080021fc0                ChangeClearRCnt
 .text          0x0000000080021fd0       0x10 ../third_party/psyq/lib\libapi.a(a66.o)
                0x0000000080021fd0                firstfile2
 .text          0x0000000080021fe0       0x20 ../third_party/psyq/lib\libc.a(a63.o)
                0x0000000080021fe8                puts
 .text          0x0000000080022000       0x10 ../third_party/psyq/lib\libc.a(c19.o)
                0x0000000080022000                setjmp
 .text          0x0000000080022010       0x10 ../third_party/psyq/lib\libc.a(c21.o)
                0x0000000080022010                strcat
 .text          0x0000000080022020       0x10 ../third_party/psyq/lib\libc.a(c23.o)
                0x0000000080022020                strcmp
 .text          0x0000000080022030       0x10 ../third_party/psyq/lib\libc.a(c24.o)
                0x0000000080022030                strncmp
 .text          0x0000000080022040       0x10 ../third_party/psyq/lib\libc.a(c26.o)
                0x0000000080022040                strncpy
 .text          0x0000000080022050       0x10 ../third_party/psyq/lib\libc.a(c27.o)
                0x0000000080022050                strlen
 .text          0x0000000080022060       0x10 ../third_party/psyq/lib\libc.a(c40.o)
                0x0000000080022060                bzero
 .text          0x0000000080022070       0x10 ../third_party/psyq/lib\libc.a(c43.o)
                0x0000000080022070                memset
 .text          0x0000000080022080       0x10 ../third_party/psyq/lib\libc.a(c63.o)
                0x0000000080022080                printf
 .text          0x0000000080022090       0x10 ../third_party/psyq/lib\libcard.a(a78.o)
                0x0000000080022090                _card_write
 .text          0x00000000800220a0       0x10 ../third_party/psyq/lib\libcard.a(a79.o)
                0x00000000800220a0                _card_read
 .text          0x00000000800220b0       0x10 ../third_party/psyq/lib\libcard.a(c171.o)
                0x00000000800220b0                _card_info
 .text          0x00000000800220c0       0x10 ../third_party/psyq/lib\libcard.a(c172.o)
                0x00000000800220c0                _card_load
 .text          0x00000000800220d0       0x40 ../third_party/psyq/lib\libcard.a(card.o)
                0x00000000800220d0                _card_clear
 .text          0x0000000080022110      0x100 ../third_party/psyq/lib\libcard.a(init.o)
                0x0000000080022110                InitCARD
                0x00000000800221a0                StartCARD
                0x00000000800221e8                StopCARD
 .text          0x0000000080022210      0x220 ../third_party/psyq/lib\libcard.a(patch.o)
                0x0000000080022210                _patch_card_info
                0x00000000800222ec                _patch_card
                0x0000000080022380                _patch_card2
                0x00000000800223f0                _copy_memcard_patch
 .text          0x0000000080022430       0x10 ../third_party/psyq/lib\libcard.a(a74.o)
                0x0000000080022430                InitCARD2
 .text          0x0000000080022440       0x10 ../third_party/psyq/lib\libcard.a(a75.o)
                0x0000000080022440                StartCARD2
 .text          0x0000000080022450       0x10 ../third_party/psyq/lib\libcard.a(a76.o)
                0x0000000080022450                StopCARD2
 .text          0x0000000080022460       0x10 ../third_party/psyq/lib\libcard.a(a80.o)
                0x0000000080022460                _new_card
 .text          0x0000000080022470       0x80 ../third_party/psyq/lib\libcard.a(end.o)
                0x0000000080022470                _ExitCard
 .text          0x00000000800224f0       0x10 ../third_party/psyq/lib\libapi.a(c68.o)
                0x00000000800224f0                FlushCache
 .text          0x0000000080022500      0x290 ../third_party/psyq/lib\libapi.a(pad.o)
                0x0000000080022500                SetInitPadFlag
                0x000000008002250c                ReadInitPadFlag
                0x000000008002251c                PAD_init
                0x00000000800225ac                InitPAD
                0x000000008002263c                StartPAD
 .text          0x0000000080022790       0xa0 ../third_party/psyq/lib\libapi.a(patch.o)
                0x0000000080022790                EnablePAD
                0x00000000800227a4                DisablePAD
                0x00000000800227b8                _patch_pad
 .text          0x0000000080022830       0x10 ../third_party/psyq/lib\libapi.a(a18.o)
                0x0000000080022830                InitPAD2
 .text          0x0000000080022840       0x10 ../third_party/psyq/lib\libapi.a(a19.o)
                0x0000000080022840                StartPAD2
 .text          0x0000000080022850       0x10 ../third_party/psyq/lib\libapi.a(a21.o)
                0x0000000080022850                PAD_init2
 .text          0x0000000080022860       0x70 ../third_party/psyq/lib\libapi.a(chclrpad.o)
                0x0000000080022860                _remove_ChgclrPAD
                0x00000000800228d0                . = ALIGN (0x10)
 *(.init)
                0x00000000800228d0                . = ALIGN (0x10)
 *(.fini)
                0x00000000800228d0                . = ALIGN (0x10)
                0x00000000800228d0                __text_end = .
                0x00000000800228d0                __ftext_end = ABSOLUTE (.)
                0x00000000800228d0                __fdata_start = ABSOLUTE (.)

.rodata         0x00000000800228d0      0xcb0
 *(.rodata .rodata.* .rdata .rdata.* .gnu.linkonce.r.*)
 .rodata.str1.4
                0x00000000800228d0       0x3c game.o
 .rodata.str1.4
                0x000000008002290c        0x8 memcard.o
 .rodata        0x0000000080022914       0xf0 controller.o
 .rodata        0x0000000080022a04       0x10 ../third_party/common/crt0/crt0.o
 *fill*         0x0000000080022a14        0x4 
 .rdata         0x0000000080022a18       0x50 ../third_party/psyq/lib\libcd.a(cdr_1.o)
 .rdata         0x0000000080022a68       0x20 ../third_party/psyq/lib\libcd.a(event.o)
 .rdata         0x0000000080022a88      0x1f0 ../third_party/psyq/lib\libcd.a(iso9660.o)
 .rdata         0x0000000080022c78      0x260 ../third_party/psyq/lib\libcd.a(bios_1.o)
 .rdata         0x0000000080022ed8       0x70 ../third_party/psyq/lib\libetc.a(intr.o)
 .rdata         0x0000000080022f48       0x30 ../third_party/psyq/lib\libetc.a(intr_dma.o)
 .rdata         0x0000000080022f78       0x10 ../third_party/psyq/lib\libetc.a(vsync.o)
 .rdata         0x0000000080022f88       0xa0 ../third_party/psyq/lib\libgpu.a(font.o)
 .rdata         0x0000000080023028      0x220 ../third_party/psyq/lib\libgpu.a(sys.o)
 .rdata         0x0000000080023248       0x30 ../third_party/psyq/lib\libgpu.a(t00.o)
 .rdata         0x0000000080023278      0x1d0 ../third_party/psyq/lib\libmcrd.a(libmcrd.o)
 .rdata         0x0000000080023448       0x10 ../third_party/psyq/lib\libmcrd.a(low.o)
 .rdata         0x0000000080023458       0x20 ../third_party/psyq/lib\libmcrd.a(userfunc.o)
 .rdata         0x0000000080023478       0x40 ../third_party/psyq/lib\libspu.a(s_sca.o)
 .rdata         0x00000000800234b8       0x30 ../third_party/psyq/lib\libspu.a(s_si.o)
 .rdata         0x00000000800234e8       0x40 ../third_party/psyq/lib\libspu.a(s_sva.o)
 .rdata         0x0000000080023528       0x50 ../third_party/psyq/lib\libspu.a(spu.o)
                0x0000000080023580                . = ALIGN (0x10)
 *fill*         0x0000000080023578        0x8 
                0x0000000080023580                __preinit_array_start = .
 *(.preinit_array)
                0x0000000080023580                __preinit_array_end = .
                0x0000000080023580                . = ALIGN (0x10)
                0x0000000080023580                __init_array_start = .
 *(SORT_BY_NAME(.init_array.*))
 *(.init_array)
                0x0000000080023580                . = ALIGN (0x10)
 *crtbegin.o(.ctors)
 *(EXCLUDE_FILE(*crtend.o) .ctors)
 *(SORT_BY_NAME(.ctors.*))
 *crtend.o(.ctors)
                0x0000000080023580                __init_array_end = .
                0x0000000080023580                . = ALIGN (0x10)
                0x0000000080023580                __fini_array_start = .
 *(.fini_array)
 *(SORT_BY_NAME(.fini_array.*))
 *crtbegin.o(.dtors)
 *(EXCLUDE_FILE(*crtend.o) .dtors)
 *(SORT_BY_NAME(.dtors.*))
 *crtend.o(.dtors)
                0x0000000080023580                __fini_array_end = .
                0x0000000080023580                __build_id = .
 *(.note.gnu.build-id)
                0x0000000080023580                __build_id_end = .

.rel.dyn        0x0000000080023580        0x0
 .rel.dyn       0x0000000080023580        0x0 ../third_party/psyq/lib\libgpu.a(sys.o)

.rodata1
 *(.rodata1)
                0x0000000080023580                __data_start = .

.data           0x0000000080023580     0x2a80
 *(.a0table)
 *(.data .data.* .gnu.linkonce.d.*)
 .data          0x0000000080023580       0x40 ../third_party/psyq/lib\libcd.a(cdr_1.o)
 .data          0x00000000800235c0       0x10 ../third_party/psyq/lib\libcd.a(event.o)
                0x00000000800235c0                CD_cbread
                0x00000000800235c4                CD_read_dma_mode
 .data          0x00000000800235d0       0x10 ../third_party/psyq/lib\libcd.a(iso9660.o)
 .data          0x00000000800235e0       0x80 ../third_party/psyq/lib\libcd.a(s_016.o)
 .data          0x0000000080023660      0x310 ../third_party/psyq/lib\libcd.a(bios_1.o)
                0x0000000080023668                CD_cbsync
                0x000000008002366c                CD_cbready
                0x0000000080023670                CD_debug
                0x0000000080023674                CD_status
                0x0000000080023678                CD_status1
                0x000000008002367c                CD_nopen
                0x0000000080023680                CD_pos
                0x0000000080023684                CD_mode
                0x0000000080023685                CD_com
                0x0000000080023688                DS_active
                0x000000008002368c                CD_comstr
                0x000000008002370c                CD_intstr
 .data          0x0000000080023970       0x20 ../third_party/psyq/lib\libcd.a(bios_2.o)
 .data          0x0000000080023990       0x20 ../third_party/psyq/lib\libcd.a(bios_3.o)
 .data          0x00000000800239b0     0x1100 ../third_party/psyq/lib\libetc.a(intr.o)
 .data          0x0000000080024ab0       0x30 ../third_party/psyq/lib\libetc.a(intr_dma.o)
 .data          0x0000000080024ae0       0x30 ../third_party/psyq/lib\libetc.a(intr_vb.o)
                0x0000000080024b00                Vcount
 .data          0x0000000080024b10       0x10 ../third_party/psyq/lib\libetc.a(vmode.o)
 .data          0x0000000080024b20       0x20 ../third_party/psyq/lib\libetc.a(vsync.o)
                0x0000000080024b30                Hcount
 .data          0x0000000080024b40      0xb90 ../third_party/psyq/lib\libgpu.a(font.o)
                0x0000000080024b40                Font
 .data          0x00000000800256d0      0x1a0 ../third_party/psyq/lib\libgpu.a(sys.o)
                0x000000008002571c                GPU_printf
                0x0000000080025720                GEnv
                0x0000000080025848                _qin
                0x000000008002584c                _qout
 .data          0x0000000080025870       0x20 ../third_party/psyq/lib\libmcrd.a(libmcrd.o)
 .data          0x0000000080025890       0x10 ../third_party/psyq/lib\libmcrd.a(userfunc.o)
 .data          0x00000000800258a0       0x10 ../third_party/psyq/lib\libpad.a(pdmaiini.o)
 .data          0x00000000800258b0       0xb0 ../third_party/psyq/lib\libpad.a(pdresres.o)
                0x00000000800258b8                _padFuncNextPort
                0x00000000800258bc                _padFuncClrInfo
                0x00000000800258c0                _padFuncGetTxd
                0x00000000800258c4                _padFuncCurrLimit
                0x00000000800258c8                _padFuncPtr2Port
                0x00000000800258cc                _padFuncPort2Info
                0x00000000800258d0                _padFuncSendAuto
                0x00000000800258d4                _padFuncChkEng
                0x00000000800258d8                _padFuncRecvAuto
                0x00000000800258dc                _padFuncClrCmdNo
                0x00000000800258e0                _padFuncIntGun
                0x00000000800258e4                _padFuncSetGunPort
                0x00000000800258e8                _padFuncGetGunPos
                0x00000000800258ec                _padInfoDir
                0x00000000800258f0                _padIntExec
                0x00000000800258f4                _padGunExec
                0x00000000800258f8                _padSioChan
                0x00000000800258fc                _padSioState
                0x0000000080025900                _padTotalCurr
                0x0000000080025904                _padModeMtap
                0x0000000080025908                _padChanStart
                0x000000008002590c                _padChanStop
                0x0000000080025910                _padFixResult
                0x0000000080025918                _padVsyncParam
                0x0000000080025928                _padCalledIntPad
 .data          0x0000000080025960       0x10 ../third_party/psyq/lib\libpad.a(pdtapres.o)
                0x0000000080025960                _mtapLastResult
 .data          0x0000000080025970       0x80 ../third_party/psyq/lib\libspu.a(s_ini.o)
                0x0000000080025978                _spu_EVdma
                0x000000008002597c                _spu_keystat
                0x0000000080025980                _spu_trans_mode
                0x0000000080025984                _spu_rev_flag
                0x0000000080025988                _spu_rev_reserve_wa
                0x000000008002598c                _spu_rev_offsetaddr
                0x0000000080025990                _spu_rev_attr
                0x00000000800259a4                _spu_RQvoice
                0x00000000800259a8                _spu_RQmask
                0x00000000800259ac                _spu_voice_centerNote
                0x00000000800259dc                _spu_env
                0x00000000800259e0                _spu_isCalled
 .data          0x00000000800259f0       0x10 ../third_party/psyq/lib\libspu.a(s_m.o)
                0x00000000800259f0                _spu_AllocBlockNum
                0x00000000800259f4                _spu_AllocLastNum
                0x00000000800259f8                _spu_memList
 .data          0x0000000080025a00       0x30 ../third_party/psyq/lib\libspu.a(s_rmp0.o)
                0x0000000080025a00                _spu_rev_startaddr
 .data          0x0000000080025a30       0x60 ../third_party/psyq/lib\libspu.a(spu.o)
                0x0000000080025a30                _spu_RXX
                0x0000000080025a48                _spu_tsa
                0x0000000080025a4c                _spu_transMode
                0x0000000080025a50                _spu_addrMode
                0x0000000080025a54                _spu_mem_mode
                0x0000000080025a58                _spu_mem_mode_plus
                0x0000000080025a5c                _spu_mem_mode_unit
                0x0000000080025a60                _spu_mem_mode_unitM
                0x0000000080025a64                _spu_inTransfer
                0x0000000080025a68                _spu_transferCallback
                0x0000000080025a6c                _spu_IRQCallback
 .data          0x0000000080025a90      0x120 ../third_party/psyq/lib\libspu.a(s_n2p.o)
 .data          0x0000000080025bb0       0x10 ../third_party/psyq/lib\libapi.a(pad.o)
 *(.data1)
 *(.sdata .sdata.* .gnu.linkonce.s.*)
 *(.sdata2 .sdata2.* .gnu.linkonce.s2.*)
 *(.got.plt)
 *(.got)
                0x0000000080026000                . = ALIGN (0x800)
 *fill*         0x0000000080025bc0      0x440 
                0x0000000080026000                __data_end = .
                0x0000000080026000                __fdata_end = .
                0x0000000080026000                __bss_start = .

.sbss           0x0000000080026000    0x48f28
 *(.dynsbss)
 *(.sbss .sbss.* .gnu.linkonce.sb.*)
 *(.scommon)
 *(.dynbss)
 *(.bss .bss.* .gnu.linkonce.b.*)
 .bss           0x0000000080026000    0x40000 main.o
 .bss           0x0000000080066000     0x2400 ../third_party/psyq/lib\libcd.a(iso9660.o)
 .bss           0x0000000080068400       0x34 ../third_party/psyq/lib\libcd.a(bios_1.o)
                0x0000000080068430                StMode
 *fill*         0x0000000080068434        0x4 
 .bss           0x0000000080068438     0x4410 ../third_party/psyq/lib\libgpu.a(font.o)
 .bss           0x000000008006c848     0x1850 ../third_party/psyq/lib\libgpu.a(sys.o)
                0x000000008006c898                _que
 .bss           0x000000008006e098       0x10 ../third_party/psyq/lib\libgpu.a(t00.o)
 .bss           0x000000008006e0a8       0x90 ../third_party/psyq/lib\libmcrd.a(libmcrd.o)
 .bss           0x000000008006e138      0x2c0 ../third_party/psyq/lib\libmcrd.a(low.o)
 .bss           0x000000008006e3f8       0x50 ../third_party/psyq/lib\libmcrd.a(userfunc.o)
 .bss           0x000000008006e448       0x40 ../third_party/psyq/lib\libmcrd.a(bios.o)
 .bss           0x000000008006e488       0x18 ../third_party/psyq/lib\libpad.a(pdresres.o)
                0x000000008006e498                _padRestPeriod
 .bss           0x000000008006e4a0      0x9f0 ../third_party/psyq/lib\libpad.a(pdtapres.o)
 .bss           0x000000008006ee90       0x14 ../third_party/psyq/lib\libspu.a(spu.o)
                0x000000008006ee90                _spu_RQ
 *fill*         0x000000008006eea4        0x4 
 .bss           0x000000008006eea8       0x30 ../third_party/psyq/lib\libapi.a(first.o)
 .bss           0x000000008006eed8       0x10 ../third_party/psyq/lib\libcard.a(patch.o)
 .bss           0x000000008006eee8       0x10 ../third_party/psyq/lib\libcard.a(end.o)
 .bss           0x000000008006eef8       0x10 ../third_party/psyq/lib\libapi.a(pad.o)
                0x000000008006eef8                _apiPadPatch
 .bss           0x000000008006ef08       0x10 ../third_party/psyq/lib\libapi.a(patch.o)
 .bss           0x000000008006ef18       0x10 ../third_party/psyq/lib\libapi.a(chclrpad.o)
 *(COMMON)
                0x000000008006ef28                . = ALIGN (0x4)
                0x000000008006ef28                __bss_end = .
                0x000000008006ef28                __heap_start = __heap_base
                0x000000008000f800                . = (ADDR (.text) - 0x800)
                0x000000008000f800                __end = .

/DISCARD/
 *(.MIPS.abiflags)

/DISCARD/
 *(.rel.iplt)
 *(.rela.iplt)
 *(.rel.plt)
 *(.rela.plt)
 *(.plt)
 *(.iplt)

/DISCARD/
 *(.note.GNU-stack)
 *(.gnu_debuglink)
 *(.gnu.lto_*)

.scratchpad
 *(.scratchpad)
OUTPUT(eu/HelloWorldCpp.elf elf32-littlemips)

.reginfo        0x0000000000000000       0x18
 .reginfo       0x0000000000000000       0x18 main.o

.mdebug.abi32   0x0000000000000000        0x0
 .mdebug.abi32  0x0000000000000000        0x0 main.o
 .mdebug.abi32  0x0000000000000000        0x0 game.o
 .mdebug.abi32  0x0000000000000000        0x0 graph.o
 .mdebug.abi32  0x0000000000000000        0x0 cdrom.o
 .mdebug.abi32  0x0000000000000000        0x0 sound.o
 .mdebug.abi32  0x0000000000000000        0x0 memcard.o
 .mdebug.abi32  0x0000000000000000        0x0 controller.o
 .mdebug.abi32  0x0000000000000000        0x0 player.o
 .mdebug.abi32  0x0000000000000000        0x0 region_eu.o

.comment        0x0000000000000000       0x12
 .comment       0x0000000000000000       0x12 main.o
                                         0x13 (size before relaxing)
 .comment       0x0000000000000012       0x13 game.o
 .comment       0x0000000000000012       0x13 graph.o
 .comment       0x0000000000000012       0x13 cdrom.o
 .comment       0x0000000000000012       0x13 sound.o
 .comment       0x0000000000000012       0x13 memcard.o
 .comment       0x0000000000000012       0x13 controller.o
 .comment       0x0000000000000012       0x13 player.o
 .comment       0x0000000000000012       0x13 region_eu.o

.gnu.attributes
                0x0000000000000000       0x10
 .gnu.attributes
                0x0000000000000000       0x10 main.o
 .gnu.attributes
                0x0000000000000010       0x10 game.o
 .gnu.attributes
                0x0000000000000020       0x10 graph.o
 .gnu.attributes
                0x0000000000000030       0x10 cdrom.o
 .gnu.attributes
                0x0000000000000040       0x10 sound.o
 .gnu.attributes
                0x0000000000000050       0x10 memcard.o
 .gnu.attributes
                0x0000000000000060       0x10 controller.o
 .gnu.attributes
                0x0000000000000070       0x10 player.o
 .gnu.attributes
                0x0000000000000080       0x10 region_eu.o
 .gnu.attributes
                0x0000000000000090       0x10 ../third_party/common/crt0/crt0.o

.pdr            0x0000000000000000        0x0
 .pdr           0x0000000000000000        0x0 ../third_party/common/crt0/crt0.o

.note           0x0000000000000000     0x3a00
 .note          0x0000000000000000       0x74 ../third_party/psyq/lib\libapi.a(c57.o)
 .note          0x0000000000000074       0x74 ../third_party/psyq/lib\libc.a(c42.o)
 .note          0x00000000000000e8       0x74 ../third_party/psyq/lib\libc.a(c51.o)
 .note          0x000000000000015c       0x74 ../third_party/psyq/lib\libc.a(c52.o)
 .note          0x00000000000001d0       0x74 ../third_party/psyq/lib\libcd.a(cdr_1.o)
 .note          0x0000000000000244       0x74 ../third_party/psyq/lib\libcd.a(event.o)
 .note          0x00000000000002b8       0x74 ../third_party/psyq/lib\libcd.a(iso9660.o)
 .note          0x000000000000032c       0x74 ../third_party/psyq/lib\libcd.a(s_002.o)
 .note          0x00000000000003a0       0x74 ../third_party/psyq/lib\libcd.a(s_003.o)
 .note          0x0000000000000414       0x74 ../third_party/psyq/lib\libcd.a(s_004.o)
 .note          0x0000000000000488       0x74 ../third_party/psyq/lib\libcd.a(s_006.o)
 .note          0x00000000000004fc       0x74 ../third_party/psyq/lib\libcd.a(s_008.o)
 .note          0x0000000000000570       0x74 ../third_party/psyq/lib\libcd.a(s_013.o)
 .note          0x00000000000005e4       0x74 ../third_party/psyq/lib\libcd.a(s_014.o)
 .note          0x0000000000000658       0x74 ../third_party/psyq/lib\libcd.a(s_015.o)
 .note          0x00000000000006cc       0x74 ../third_party/psyq/lib\libcd.a(s_016.o)
 .note          0x0000000000000740       0x74 ../third_party/psyq/lib\libcd.a(s_021.o)
 .note          0x00000000000007b4       0x74 ../third_party/psyq/lib\libcd.a(s_022.o)
 .note          0x0000000000000828       0x74 ../third_party/psyq/lib\libcd.a(s_023.o)
 .note          0x000000000000089c       0x74 ../third_party/psyq/lib\libcd.a(s_024.o)
 .note          0x0000000000000910       0x74 ../third_party/psyq/lib\libcd.a(sys.o)
 .note          0x0000000000000984       0x74 ../third_party/psyq/lib\libcd.a(bios_1.o)
 .note          0x00000000000009f8       0x74 ../third_party/psyq/lib\libcd.a(bios_2.o)
 .note          0x0000000000000a6c       0x74 ../third_party/psyq/lib\libcd.a(bios_3.o)
 .note          0x0000000000000ae0       0x74 ../third_party/psyq/lib\libetc.a(intr.o)
 .note          0x0000000000000b54       0x74 ../third_party/psyq/lib\libetc.a(intr_dma.o)
 .note          0x0000000000000bc8       0x74 ../third_party/psyq/lib\libetc.a(intr_vb.o)
 .note          0x0000000000000c3c       0x74 ../third_party/psyq/lib\libetc.a(vmode.o)
 .note          0x0000000000000cb0       0x74 ../third_party/psyq/lib\libetc.a(vsync.o)
 .note          0x0000000000000d24       0x74 ../third_party/psyq/lib\libgpu.a(e03.o)
 .note          0x0000000000000d98       0x74 ../third_party/psyq/lib\libgpu.a(e04.o)
 .note          0x0000000000000e0c       0x74 ../third_party/psyq/lib\libgpu.a(font.o)
 .note          0x0000000000000e80       0x74 ../third_party/psyq/lib\libgpu.a(p06.o)
 .note          0x0000000000000ef4       0x74 ../third_party/psyq/lib\libgpu.a(p09.o)
 .note          0x0000000000000f68       0x74 ../third_party/psyq/lib\libgpu.a(p10.o)
 .note          0x0000000000000fdc       0x74 ../third_party/psyq/lib\libgpu.a(p20.o)
 .note          0x0000000000001050       0x74 ../third_party/psyq/lib\libgpu.a(p26.o)
 .note          0x00000000000010c4       0x74 ../third_party/psyq/lib\libgpu.a(p41.o)
 .note          0x0000000000001138       0x74 ../third_party/psyq/lib\libgpu.a(sys.o)
 .note          0x00000000000011ac       0x74 ../third_party/psyq/lib\libgpu.a(t00.o)
 .note          0x0000000000001220       0x74 ../third_party/psyq/lib\libgpu.a(e00.o)
 .note          0x0000000000001294       0x74 ../third_party/psyq/lib\libgpu.a(e02.o)
 .note          0x0000000000001308       0x74 ../third_party/psyq/lib\libgpu.a(p00.o)
 .note          0x000000000000137c       0x74 ../third_party/psyq/lib\libgpu.a(p01.o)
 .note          0x00000000000013f0       0x74 ../third_party/psyq/lib\libmcrd.a(init.o)
 .note          0x0000000000001464       0x74 ../third_party/psyq/lib\libmcrd.a(libmcrd.o)
 .note          0x00000000000014d8       0x74 ../third_party/psyq/lib\libmcrd.a(low.o)
 .note          0x000000000000154c       0x74 ../third_party/psyq/lib\libmcrd.a(userfunc.o)
 .note          0x00000000000015c0       0x74 ../third_party/psyq/lib\libmcrd.a(bios.o)
 .note          0x0000000000001634       0x74 ../third_party/psyq/lib\libpad.a(pdcmd1.o)
 .note          0x00000000000016a8       0x74 ../third_party/psyq/lib\libpad.a(pdcmd2.o)
 .note          0x000000000000171c       0x74 ../third_party/psyq/lib\libpad.a(pdent2.o)
 .note          0x0000000000001790       0x74 ../third_party/psyq/lib\libpad.a(pdmaiini.o)
 .note          0x0000000000001804       0x74 ../third_party/psyq/lib\libpad.a(pdresres.o)
 .note          0x0000000000001878       0x74 ../third_party/psyq/lib\libpad.a(pdtapini.o)
 .note          0x00000000000018ec       0x74 ../third_party/psyq/lib\libpad.a(pdtapres.o)
 .note          0x0000000000001960       0x74 ../third_party/psyq/lib\libspu.a(s_i.o)
 .note          0x00000000000019d4       0x74 ../third_party/psyq/lib\libspu.a(s_ini.o)
 .note          0x0000000000001a48       0x74 ../third_party/psyq/lib\libspu.a(s_itc.o)
 .note          0x0000000000001abc       0x74 ../third_party/psyq/lib\libspu.a(s_m.o)
 .note          0x0000000000001b30       0x74 ../third_party/psyq/lib\libspu.a(s_m_init.o)
 .note          0x0000000000001ba4       0x74 ../third_party/psyq/lib\libspu.a(s_m_m.o)
 .note          0x0000000000001c18       0x74 ../third_party/psyq/lib\libspu.a(s_rmp0.o)
 .note          0x0000000000001c8c       0x74 ../third_party/psyq/lib\libspu.a(s_sca.o)
 .note          0x0000000000001d00       0x74 ../third_party/psyq/lib\libspu.a(s_si.o)
 .note          0x0000000000001d74       0x74 ../third_party/psyq/lib\libspu.a(s_sk.o)
 .note          0x0000000000001de8       0x74 ../third_party/psyq/lib\libspu.a(s_stm.o)
 .note          0x0000000000001e5c       0x74 ../third_party/psyq/lib\libspu.a(s_stsa.o)
 .note          0x0000000000001ed0       0x74 ../third_party/psyq/lib\libspu.a(s_sva.o)
 .note          0x0000000000001f44       0x74 ../third_party/psyq/lib\libspu.a(s_w.o)
 .note          0x0000000000001fb8       0x74 ../third_party/psyq/lib\libspu.a(spu.o)
 .note          0x000000000000202c       0x74 ../third_party/psyq/lib\libspu.a(s_dcb.o)
 .note          0x00000000000020a0       0x74 ../third_party/psyq/lib\libspu.a(s_m_int.o)
 .note          0x0000000000002114       0x74 ../third_party/psyq/lib\libspu.a(s_n2p.o)
 .note          0x0000000000002188       0x74 ../third_party/psyq/lib\libapi.a(a07.o)
 .note          0x00000000000021fc       0x74 ../third_party/psyq/lib\libapi.a(a08.o)
 .note          0x0000000000002270       0x74 ../third_party/psyq/lib\libapi.a(a09.o)
 .note          0x00000000000022e4       0x74 ../third_party/psyq/lib\libapi.a(a11.o)
 .note          0x0000000000002358       0x74 ../third_party/psyq/lib\libapi.a(a12.o)
 .note          0x00000000000023cc       0x74 ../third_party/psyq/lib\libapi.a(a23.o)
 .note          0x0000000000002440       0x74 ../third_party/psyq/lib\libapi.a(a24.o)
 .note          0x00000000000024b4       0x74 ../third_party/psyq/lib\libapi.a(a25.o)
 .note          0x0000000000002528       0x74 ../third_party/psyq/lib\libapi.a(a36.o)
 .note          0x000000000000259c       0x74 ../third_party/psyq/lib\libapi.a(a37.o)
 .note          0x0000000000002610       0x74 ../third_party/psyq/lib\libapi.a(a50.o)
 .note          0x0000000000002684       0x74 ../third_party/psyq/lib\libapi.a(a51.o)
 .note          0x00000000000026f8       0x74 ../third_party/psyq/lib\libapi.a(a52.o)
 .note          0x000000000000276c       0x74 ../third_party/psyq/lib\libapi.a(a53.o)
 .note          0x00000000000027e0       0x74 ../third_party/psyq/lib\libapi.a(a54.o)
 .note          0x0000000000002854       0x74 ../third_party/psyq/lib\libapi.a(a67.o)
 .note          0x00000000000028c8       0x74 ../third_party/psyq/lib\libapi.a(a91.o)
 .note          0x000000000000293c       0x74 ../third_party/psyq/lib\libapi.a(c112.o)
 .note          0x00000000000029b0       0x74 ../third_party/psyq/lib\libapi.a(c114.o)
 .note          0x0000000000002a24       0x74 ../third_party/psyq/lib\libapi.a(c73.o)
 .note          0x0000000000002a98       0x74 ../third_party/psyq/lib\libapi.a(first.o)
 .note          0x0000000000002b0c       0x74 ../third_party/psyq/lib\libapi.a(l02.o)
 .note          0x0000000000002b80       0x74 ../third_party/psyq/lib\libapi.a(l03.o)
 .note          0x0000000000002bf4       0x74 ../third_party/psyq/lib\libapi.a(l10.o)
 .note          0x0000000000002c68       0x74 ../third_party/psyq/lib\libapi.a(a66.o)
 .note          0x0000000000002cdc       0x74 ../third_party/psyq/lib\libc.a(a63.o)
 .note          0x0000000000002d50       0x74 ../third_party/psyq/lib\libc.a(c19.o)
 .note          0x0000000000002dc4       0x74 ../third_party/psyq/lib\libc.a(c21.o)
 .note          0x0000000000002e38       0x74 ../third_party/psyq/lib\libc.a(c23.o)
 .note          0x0000000000002eac       0x74 ../third_party/psyq/lib\libc.a(c24.o)
 .note          0x0000000000002f20       0x74 ../third_party/psyq/lib\libc.a(c26.o)
 .note          0x0000000000002f94       0x74 ../third_party/psyq/lib\libc.a(c27.o)
 .note          0x0000000000003008       0x74 ../third_party/psyq/lib\libc.a(c40.o)
 .note          0x000000000000307c       0x74 ../third_party/psyq/lib\libc.a(c43.o)
 .note          0x00000000000030f0       0x74 ../third_party/psyq/lib\libc.a(c63.o)
 .note          0x0000000000003164       0x74 ../third_party/psyq/lib\libcard.a(a78.o)
 .note          0x00000000000031d8       0x74 ../third_party/psyq/lib\libcard.a(a79.o)
 .note          0x000000000000324c       0x74 ../third_party/psyq/lib\libcard.a(c171.o)
 .note          0x00000000000032c0       0x74 ../third_party/psyq/lib\libcard.a(c172.o)
 .note          0x0000000000003334       0x74 ../third_party/psyq/lib\libcard.a(card.o)
 .note          0x00000000000033a8       0x74 ../third_party/psyq/lib\libcard.a(init.o)
 .note          0x000000000000341c       0x74 ../third_party/psyq/lib\libcard.a(patch.o)
 .note          0x0000000000003490       0x74 ../third_party/psyq/lib\libcard.a(a74.o)
 .note          0x0000000000003504       0x74 ../third_party/psyq/lib\libcard.a(a75.o)
 .note          0x0000000000003578       0x74 ../third_party/psyq/lib\libcard.a(a76.o)
 .note          0x00000000000035ec       0x74 ../third_party/psyq/lib\libcard.a(a80.o)
 .note          0x0000000000003660       0x74 ../third_party/psyq/lib\libcard.a(end.o)
 .note          0x00000000000036d4       0x74 ../third_party/psyq/lib\libapi.a(c68.o)
 .note          0x0000000000003748       0x74 ../third_party/psyq/lib\libapi.a(pad.o)
 .note          0x00000000000037bc       0x74 ../third_party/psyq/lib\libapi.a(patch.o)
 .note          0x0000000000003830       0x74 ../third_party/psyq/lib\libapi.a(a18.o)
 .note          0x00000000000038a4       0x74 ../third_party/psyq/lib\libapi.a(a19.o)
 .note          0x0000000000003918       0x74 ../third_party/psyq/lib\libapi.a(a21.o)
 .note          0x000000000000398c       0x74 ../third_party/psyq/lib\libapi.a(chclrpad.o)

.debug_info     0x0000000000000000     0x4ee2
 .debug_info    0x0000000000000000      0xce8 main.o
 .debug_info    0x0000000000000ce8     0x1680 game.o
 .debug_info    0x0000000000002368      0x92b graph.o
 .debug_info    0x0000000000002c93      0x469 cdrom.o
 .debug_info    0x00000000000030fc      0x8c0 sound.o
 .debug_info    0x00000000000039bc      0x880 memcard.o
 .debug_info    0x000000000000423c      0x81b controller.o
 .debug_info    0x0000000000004a57      0x35d player.o
 .debug_info    0x0000000000004db4      0x10a region_eu.o
 .debug_info    0x0000000000004ebe       0x24 ../third_party/common/crt0/crt0.o

.debug_abbrev   0x0000000000000000     0x153c
 .debug_abbrev  0x0000000000000000      0x28b main.o
 .debug_abbrev  0x000000000000028b      0x34f game.o
 .debug_abbrev  0x00000000000005da      0x26a graph.o
 .debug_abbrev  0x0000000000000844      0x22d cdrom.o
 .debug_abbrev  0x0000000000000a71      0x29a sound.o
 .debug_abbrev  0x0000000000000d0b      0x288 memcard.o
 .debug_abbrev  0x0000000000000f93      0x2df controller.o
 .debug_abbrev  0x0000000000001272      0x1ec player.o
 .debug_abbrev  0x000000000000145e       0xca region_eu.o
 .debug_abbrev  0x0000000000001528       0x14 ../third_party/common/crt0/crt0.o

.debug_aranges  0x0000000000000000      0x260
 .debug_aranges
                0x0000000000000000       0x20 main.o
 .debug_aranges
                0x0000000000000020       0x40 game.o
 .debug_aranges
                0x0000000000000060       0x50 graph.o
 .debug_aranges
                0x00000000000000b0       0x40 cdrom.o
 .debug_aranges
                0x00000000000000f0       0x50 sound.o
 .debug_aranges
                0x0000000000000140       0x48 memcard.o
 .debug_aranges
                0x0000000000000188       0x60 controller.o
 .debug_aranges
                0x00000000000001e8       0x30 player.o
 .debug_aranges
                0x0000000000000218       0x28 region_eu.o
 .debug_aranges
                0x0000000000000240       0x20 ../third_party/common/crt0/crt0.o

.debug_rnglists
                0x0000000000000000      0x1f9
 .debug_rnglists
                0x0000000000000000       0x13 main.o
 .debug_rnglists
                0x0000000000000013       0x4c game.o
 .debug_rnglists
                0x000000000000005f       0x3a graph.o
 .debug_rnglists
                0x0000000000000099       0x2b cdrom.o
 .debug_rnglists
                0x00000000000000c4       0x38 sound.o
 .debug_rnglists
                0x00000000000000fc       0x33 memcard.o
 .debug_rnglists
                0x000000000000012f       0x91 controller.o
 .debug_rnglists
                0x00000000000001c0       0x20 player.o
 .debug_rnglists
                0x00000000000001e0       0x19 region_eu.o

.debug_line     0x0000000000000000     0x17db
 .debug_line    0x0000000000000000      0x148 main.o
 .debug_line    0x0000000000000148      0x558 game.o
 .debug_line    0x00000000000006a0      0x353 graph.o
 .debug_line    0x00000000000009f3      0x15b cdrom.o
 .debug_line    0x0000000000000b4e      0x264 sound.o
 .debug_line    0x0000000000000db2      0x32c memcard.o
 .debug_line    0x00000000000010de      0x53e controller.o
 .debug_line    0x000000000000161c      0x101 player.o
 .debug_line    0x000000000000171d       0x63 region_eu.o
 .debug_line    0x0000000000001780       0x5b ../third_party/common/crt0/crt0.o

.debug_str      0x0000000000000000     0x10d8
 .debug_str     0x0000000000000000      0x975 main.o
                                        0xa3c (size before relaxing)
 .debug_str     0x0000000000000975      0x172 game.o
                                        0xb80 (size before relaxing)
 .debug_str     0x0000000000000ae7       0xe3 graph.o
                                        0x455 (size before relaxing)
 .debug_str     0x0000000000000bca       0xa8 cdrom.o
                                        0x323 (size before relaxing)
 .debug_str     0x0000000000000c72      0x216 sound.o
                                        0x565 (size before relaxing)
 .debug_str     0x0000000000000e88       0xf2 memcard.o
                                        0x42b (size before relaxing)
 .debug_str     0x0000000000000f7a       0xa1 controller.o
                                        0x3f4 (size before relaxing)
 .debug_str     0x000000000000101b       0x45 player.o
                                        0x263 (size before relaxing)
 .debug_str     0x0000000000001060       0x36 region_eu.o
                                        0x1b4 (size before relaxing)
 .debug_str     0x0000000000001096       0x42 ../third_party/common/crt0/crt0.o

.debug_frame    0x0000000000000000      0x53c
 .debug_frame   0x0000000000000000       0x2c main.o
 .debug_frame   0x000000000000002c       0xf4 game.o
 .debug_frame   0x0000000000000120       0xcc graph.o
 .debug_frame   0x00000000000001ec       0x7c cdrom.o
 .debug_frame   0x0000000000000268       0xdc sound.o
 .debug_frame   0x0000000000000344       0xbc memcard.o
 .debug_frame   0x0000000000000400       0xcc controller.o
 .debug_frame   0x00000000000004cc       0x40 player.o
 .debug_frame   0x000000000000050c       0x30 region_eu.o

.debug_loclists
                0x0000000000000000      0xb9d
 .debug_loclists
                0x0000000000000000      0x21c game.o
 .debug_loclists
                0x000000000000021c       0xb6 graph.o
 .debug_loclists
                0x00000000000002d2       0x7c cdrom.o
 .debug_loclists
                0x000000000000034e      0x194 sound.o
 .debug_loclists
                0x00000000000004e2       0xfe memcard.o
 .debug_loclists
                0x00000000000005e0      0x543 controller.o
 .debug_loclists
                0x0000000000000b23       0x7a player.o

.debug_line_str
                0x0000000000000000       0x36
 .debug_line_str
                0x0000000000000000       0x36 ../third_party/common/crt0/crt0.o
                                         0x3d (size before relaxing)
